../Stm32_F103C6_Drivers/Stm32_F103C6_UART_Driver.c:47:7:MCAL_UART_Init	24	static
../Stm32_F103C6_Drivers/Stm32_F103C6_UART_Driver.c:133:7:MCAL_UART_DeInit	16	static
../Stm32_F103C6_Drivers/Stm32_F103C6_UART_Driver.c:168:7:MCAL_UART_SendData	24	static
../Stm32_F103C6_Drivers/Stm32_F103C6_UART_Driver.c:196:8:MCAL_UART_WAIT_TC	16	static
../Stm32_F103C6_Drivers/Stm32_F103C6_UART_Driver.c:218:7:MCAL_UART_ReceiveData	24	static
../Stm32_F103C6_Drivers/Stm32_F103C6_UART_Driver.c:256:7:MCAL_UART_GPIO_Set_Pins	24	static
../Stm32_F103C6_Drivers/Stm32_F103C6_UART_Driver.c:302:6:USART1_IRQHandler	8	static
../Stm32_F103C6_Drivers/Stm32_F103C6_UART_Driver.c:308:6:USART2_IRQHandler	8	static
../Stm32_F103C6_Drivers/Stm32_F103C6_UART_Driver.c:313:6:USART3_IRQHandler	8	static
