../Stm32_F103C6_Drivers/Stm32_F103C6_GPIO_Driver.c:32:6:MCAL_GPIO_Init	24	static
../Stm32_F103C6_Drivers/Stm32_F103C6_GPIO_Driver.c:273:6:MCAL_GPIO_DeInit	16	static
../Stm32_F103C6_Drivers/Stm32_F103C6_GPIO_Driver.c:295:9:MCAL_GPIO_Read_PIN	24	static
../Stm32_F103C6_Drivers/Stm32_F103C6_GPIO_Driver.c:311:10:MCAL_GPIO_Read_PORT	16	static
../Stm32_F103C6_Drivers/Stm32_F103C6_GPIO_Driver.c:328:6:MCAL_GPIO_Write_PIN	16	static
../Stm32_F103C6_Drivers/Stm32_F103C6_GPIO_Driver.c:358:6:MCAL_GPIO_Write_PORT	16	static
../Stm32_F103C6_Drivers/Stm32_F103C6_GPIO_Driver.c:374:6:MCAL_GPIO_Toggle_PIN	16	static
../Stm32_F103C6_Drivers/Stm32_F103C6_GPIO_Driver.c:390:9:MCAL_GPIO_Lock_PIN	16	static
../Stm32_F103C6_Drivers/Stm32_F103C6_GPIO_Driver.c:414:9:_FindPinNum	24	static
../Stm32_F103C6_Drivers/Stm32_F103C6_GPIO_Driver.c:433:6:_WriteByte	16	static
../Stm32_F103C6_Drivers/Stm32_F103C6_GPIO_Driver.c:447:6:_WriteWord	16	static
../Stm32_F103C6_Drivers/Stm32_F103C6_GPIO_Driver.c:462:6:_WriteHalfByte	24	static
../Stm32_F103C6_Drivers/Stm32_F103C6_GPIO_Driver.c:491:6:_WriteHalfWord	16	static
../Stm32_F103C6_Drivers/Stm32_F103C6_GPIO_Driver.c:508:6:_WriteNBits	32	static
