../Stm32_F103C6_Drivers/Stm32_F103C6_TIM_Driver.c:65:7:MCAL_BASIC_TIMx_Init	24	static
../Stm32_F103C6_Drivers/Stm32_F103C6_TIM_Driver.c:141:7:MCAL_BASIC_TIMx_Deinit	16	static
../Stm32_F103C6_Drivers/Stm32_F103C6_TIM_Driver.c:173:7:MCAL_BASIC_TIMx_Start	16	static
../Stm32_F103C6_Drivers/Stm32_F103C6_TIM_Driver.c:201:7:MCAL_BASIC_TIMx_Stop	16	static
../Stm32_F103C6_Drivers/Stm32_F103C6_TIM_Driver.c:229:7:MCAL_BASIC_TIMER_Delay_ms	32	static
../Stm32_F103C6_Drivers/Stm32_F103C6_TIM_Driver.c:258:7:MCAL_GP_TIMx_Init	24	static
../Stm32_F103C6_Drivers/Stm32_F103C6_TIM_Driver.c:345:7:MCAL_GP_TIMx_Deinit	24	static
../Stm32_F103C6_Drivers/Stm32_F103C6_TIM_Driver.c:383:7:MCAL_GP_TIMx_Start	16	static
../Stm32_F103C6_Drivers/Stm32_F103C6_TIM_Driver.c:421:7:MCAL_GP_TIMx_Stop	16	static
../Stm32_F103C6_Drivers/Stm32_F103C6_TIM_Driver.c:461:7:MCAL_GP_TIMER_Delay_ms	32	static
../Stm32_F103C6_Drivers/Stm32_F103C6_TIM_Driver.c:492:7:MCAL_GP_TIMER_Delay_us	32	static
../Stm32_F103C6_Drivers/Stm32_F103C6_TIM_Driver.c:520:7:_ISR_FLAG_TOGGLE	4	static
../Stm32_F103C6_Drivers/Stm32_F103C6_TIM_Driver.c:528:7:TIM2_IRQHandler	8	static
../Stm32_F103C6_Drivers/Stm32_F103C6_TIM_Driver.c:535:7:TIM3_IRQHandler	8	static
../Stm32_F103C6_Drivers/Stm32_F103C6_TIM_Driver.c:543:7:TIM4_IRQHandler	8	static
../Stm32_F103C6_Drivers/Stm32_F103C6_TIM_Driver.c:550:7:TIM5_IRQHandler	8	static
../Stm32_F103C6_Drivers/Stm32_F103C6_TIM_Driver.c:558:7:TIM6_IRQHandler	8	static
../Stm32_F103C6_Drivers/Stm32_F103C6_TIM_Driver.c:566:7:TIM7_IRQHandler	8	static
