
Memory Configuration

Name             Origin             Length             Attributes
Mem              0x00000000         0x04000000         xrw
*default*        0x00000000         0xffffffff

Linker script and memory map

                0x00010000                . = 0x10000

.startup        0x00010000        0xc
 startup.o(.text)
 .text          0x00010000        0xc startup.o
                0x00010000                reset

.text           0x0001000c       0xcc
 *(.text)
 .text          0x0001000c       0x50 uart.o
                0x0001000c                UART_Send_String
 .text          0x0001005c       0x18 app.o
                0x0001005c                main
 *(.rodata)
 .rodata        0x00010074       0x64 app.o
                0x00010074                Buffer2

.glue_7         0x000100d8        0x0
 .glue_7        0x00000000        0x0 linker stubs

.glue_7t        0x000100d8        0x0
 .glue_7t       0x00000000        0x0 linker stubs

.vfp11_veneer   0x000100d8        0x0
 .vfp11_veneer  0x00000000        0x0 linker stubs

.v4_bx          0x000100d8        0x0
 .v4_bx         0x00000000        0x0 linker stubs

.iplt           0x000100d8        0x0
 .iplt          0x00000000        0x0 startup.o

.rel.dyn        0x000100d8        0x0
 .rel.iplt      0x00000000        0x0 startup.o

.data           0x000100d8       0x64
 *(.data)
 .data          0x000100d8        0x0 startup.o
 .data          0x000100d8        0x0 uart.o
 .data          0x000100d8       0x64 app.o
                0x000100d8                Buffer

.igot.plt       0x0001013c        0x0
 .igot.plt      0x00000000        0x0 startup.o

.bss            0x0001013c        0x0
 *(.bss)
 .bss           0x0001013c        0x0 startup.o
 .bss           0x0001013c        0x0 uart.o
 .bss           0x0001013c        0x0 app.o
 *(COMMON)
                0x0001113c                . = (. + 0x1000)
                0x0001113c                stack_top = .
LOAD startup.o
LOAD uart.o
LOAD app.o
OUTPUT(learn_in_depth.elf elf32-littlearm)

.ARM.attributes
                0x00000000       0x2e
 .ARM.attributes
                0x00000000       0x22 startup.o
 .ARM.attributes
                0x00000022       0x32 uart.o
 .ARM.attributes
                0x00000054       0x32 app.o

.comment        0x00000000       0x11
 .comment       0x00000000       0x11 uart.o
                                 0x12 (size before relaxing)
 .comment       0x00000000       0x12 app.o

.debug_line     0x00000000       0x39
 .debug_line    0x00000000       0x39 startup.o

.debug_info     0x00000000       0x85
 .debug_info    0x00000000       0x85 startup.o

.debug_abbrev   0x00000000       0x14
 .debug_abbrev  0x00000000       0x14 startup.o

.debug_aranges  0x00000000       0x20
 .debug_aranges
                0x00000000       0x20 startup.o
