19:53:42 **** Incremental Build of configuration Debug for project Drivers ****
make -j8 all 
arm-none-eabi-gcc -gdwarf-2 "../HAL/keypad.c" -mcpu=cortex-m3 -std=gnu11 -g3 -DDEBUG -DSTM32 -DSTM32F1 -DSTM32F103C6Tx -c -I../Inc -I"E:/Courses_Trainings/Embedded_Diploma/Assingments/Unit_6_Microcontroller_Architectures/lesson 3/Drivers/HAL/inc" -I"E:/Courses_Trainings/Embedded_Diploma/Assingments/Unit_6_Microcontroller_Architectures/lesson 3/Drivers/Stm32_F103C6_Drivers/inc" -O0 -ffunction-sections -fdata-sections -Wall -fstack-usage -fcyclomatic-complexity -MMD -MP -MF"HAL/keypad.d" -MT"HAL/keypad.o" --specs=nano.specs -mfloat-abi=soft -mthumb -o "HAL/keypad.o"
arm-none-eabi-gcc -gdwarf-2 -o "Drivers.elf" @"objects.list"   -mcpu=cortex-m3 -T"E:\Courses_Trainings\Embedded_Diploma\Assingments\Unit_6_Microcontroller_Architectures\lesson 3\Drivers\STM32F103C6TX_FLASH.ld" --specs=nosys.specs -Wl,-Map="Drivers.map" -Wl,--gc-sections -static --specs=nano.specs -mfloat-abi=soft -mthumb -Wl,--start-group -lc -lm -Wl,--end-group
Finished building target: Drivers.elf
 
arm-none-eabi-size   Drivers.elf 
arm-none-eabi-objdump -h -S  Drivers.elf  > "Drivers.list"
   text	   data	    bss	    dec	    hex	filename
   4752	     40	   1568	   6360	   18d8	Drivers.elf
Finished building: default.size.stdout
 
Finished building: Drivers.list
 

19:53:42 Build Finished. 0 errors, 0 warnings. (took 837ms)

