Archive member included to satisfy reference by file (symbol)

C:/ST/STM32CubeIDE_1.13.1/STM32CubeIDE/plugins/com.st.stm32cube.ide.mcu.externaltools.gnu-tools-for-stm32.11.3.rel1.win32_1.1.0.202305231506/tools/bin/../lib/gcc/arm-none-eabi/11.3.1/../../../../arm-none-eabi/lib/thumb/v7-m/nofp\libc_nano.a(libc_a-exit.o)
                              C:/ST/STM32CubeIDE_1.13.1/STM32CubeIDE/plugins/com.st.stm32cube.ide.mcu.externaltools.gnu-tools-for-stm32.11.3.rel1.win32_1.1.0.202305231506/tools/bin/../lib/gcc/arm-none-eabi/11.3.1/../../../../arm-none-eabi/lib/thumb/v7-m/nofp/crt0.o (exit)
C:/ST/STM32CubeIDE_1.13.1/STM32CubeIDE/plugins/com.st.stm32cube.ide.mcu.externaltools.gnu-tools-for-stm32.11.3.rel1.win32_1.1.0.202305231506/tools/bin/../lib/gcc/arm-none-eabi/11.3.1/../../../../arm-none-eabi/lib/thumb/v7-m/nofp\libc_nano.a(libc_a-findfp.o)
                              C:/ST/STM32CubeIDE_1.13.1/STM32CubeIDE/plugins/com.st.stm32cube.ide.mcu.externaltools.gnu-tools-for-stm32.11.3.rel1.win32_1.1.0.202305231506/tools/bin/../lib/gcc/arm-none-eabi/11.3.1/../../../../arm-none-eabi/lib/thumb/v7-m/nofp\libc_nano.a(libc_a-exit.o) (__stdio_exit_handler)
C:/ST/STM32CubeIDE_1.13.1/STM32CubeIDE/plugins/com.st.stm32cube.ide.mcu.externaltools.gnu-tools-for-stm32.11.3.rel1.win32_1.1.0.202305231506/tools/bin/../lib/gcc/arm-none-eabi/11.3.1/../../../../arm-none-eabi/lib/thumb/v7-m/nofp\libc_nano.a(libc_a-fwalk.o)
                              C:/ST/STM32CubeIDE_1.13.1/STM32CubeIDE/plugins/com.st.stm32cube.ide.mcu.externaltools.gnu-tools-for-stm32.11.3.rel1.win32_1.1.0.202305231506/tools/bin/../lib/gcc/arm-none-eabi/11.3.1/../../../../arm-none-eabi/lib/thumb/v7-m/nofp\libc_nano.a(libc_a-findfp.o) (_fwalk_sglue)
C:/ST/STM32CubeIDE_1.13.1/STM32CubeIDE/plugins/com.st.stm32cube.ide.mcu.externaltools.gnu-tools-for-stm32.11.3.rel1.win32_1.1.0.202305231506/tools/bin/../lib/gcc/arm-none-eabi/11.3.1/../../../../arm-none-eabi/lib/thumb/v7-m/nofp\libc_nano.a(libc_a-stdio.o)
                              C:/ST/STM32CubeIDE_1.13.1/STM32CubeIDE/plugins/com.st.stm32cube.ide.mcu.externaltools.gnu-tools-for-stm32.11.3.rel1.win32_1.1.0.202305231506/tools/bin/../lib/gcc/arm-none-eabi/11.3.1/../../../../arm-none-eabi/lib/thumb/v7-m/nofp\libc_nano.a(libc_a-findfp.o) (__sread)
C:/ST/STM32CubeIDE_1.13.1/STM32CubeIDE/plugins/com.st.stm32cube.ide.mcu.externaltools.gnu-tools-for-stm32.11.3.rel1.win32_1.1.0.202305231506/tools/bin/../lib/gcc/arm-none-eabi/11.3.1/../../../../arm-none-eabi/lib/thumb/v7-m/nofp\libc_nano.a(libc_a-memset.o)
                              C:/ST/STM32CubeIDE_1.13.1/STM32CubeIDE/plugins/com.st.stm32cube.ide.mcu.externaltools.gnu-tools-for-stm32.11.3.rel1.win32_1.1.0.202305231506/tools/bin/../lib/gcc/arm-none-eabi/11.3.1/../../../../arm-none-eabi/lib/thumb/v7-m/nofp/crt0.o (memset)
C:/ST/STM32CubeIDE_1.13.1/STM32CubeIDE/plugins/com.st.stm32cube.ide.mcu.externaltools.gnu-tools-for-stm32.11.3.rel1.win32_1.1.0.202305231506/tools/bin/../lib/gcc/arm-none-eabi/11.3.1/../../../../arm-none-eabi/lib/thumb/v7-m/nofp\libc_nano.a(libc_a-closer.o)
                              C:/ST/STM32CubeIDE_1.13.1/STM32CubeIDE/plugins/com.st.stm32cube.ide.mcu.externaltools.gnu-tools-for-stm32.11.3.rel1.win32_1.1.0.202305231506/tools/bin/../lib/gcc/arm-none-eabi/11.3.1/../../../../arm-none-eabi/lib/thumb/v7-m/nofp\libc_nano.a(libc_a-stdio.o) (_close_r)
C:/ST/STM32CubeIDE_1.13.1/STM32CubeIDE/plugins/com.st.stm32cube.ide.mcu.externaltools.gnu-tools-for-stm32.11.3.rel1.win32_1.1.0.202305231506/tools/bin/../lib/gcc/arm-none-eabi/11.3.1/../../../../arm-none-eabi/lib/thumb/v7-m/nofp\libc_nano.a(libc_a-reent.o)
                              C:/ST/STM32CubeIDE_1.13.1/STM32CubeIDE/plugins/com.st.stm32cube.ide.mcu.externaltools.gnu-tools-for-stm32.11.3.rel1.win32_1.1.0.202305231506/tools/bin/../lib/gcc/arm-none-eabi/11.3.1/../../../../arm-none-eabi/lib/thumb/v7-m/nofp\libc_nano.a(libc_a-closer.o) (errno)
C:/ST/STM32CubeIDE_1.13.1/STM32CubeIDE/plugins/com.st.stm32cube.ide.mcu.externaltools.gnu-tools-for-stm32.11.3.rel1.win32_1.1.0.202305231506/tools/bin/../lib/gcc/arm-none-eabi/11.3.1/../../../../arm-none-eabi/lib/thumb/v7-m/nofp\libc_nano.a(libc_a-impure.o)
                              C:/ST/STM32CubeIDE_1.13.1/STM32CubeIDE/plugins/com.st.stm32cube.ide.mcu.externaltools.gnu-tools-for-stm32.11.3.rel1.win32_1.1.0.202305231506/tools/bin/../lib/gcc/arm-none-eabi/11.3.1/../../../../arm-none-eabi/lib/thumb/v7-m/nofp\libc_nano.a(libc_a-reent.o) (_impure_ptr)
C:/ST/STM32CubeIDE_1.13.1/STM32CubeIDE/plugins/com.st.stm32cube.ide.mcu.externaltools.gnu-tools-for-stm32.11.3.rel1.win32_1.1.0.202305231506/tools/bin/../lib/gcc/arm-none-eabi/11.3.1/../../../../arm-none-eabi/lib/thumb/v7-m/nofp\libc_nano.a(libc_a-lseekr.o)
[...]
Memory Configuration

Name             Origin             Length             Attributes
RAM              0x0000000020000000 0x0000000000002800 xrw
FLASH            0x0000000008000000 0x0000000000008000 xr
*default*        0x0000000000000000 0xffffffffffffffff

Linker script and memory map

LOAD C:/ST/STM32CubeIDE_1.13.1/STM32CubeIDE/plugins/com.st.stm32cube.ide.mcu.externaltools.gnu-tools-for-stm32.11.3.rel1.win32_1.1.0.202305231506/tools/bin/../lib/gcc/arm-none-eabi/11.3.1/thumb/v7-m/nofp/crti.o
LOAD C:/ST/STM32CubeIDE_1.13.1/STM32CubeIDE/plugins/com.st.stm32cube.ide.mcu.externaltools.gnu-tools-for-stm32.11.3.rel1.win32_1.1.0.202305231506/tools/bin/../lib/gcc/arm-none-eabi/11.3.1/thumb/v7-m/nofp/crtbegin.o
LOAD C:/ST/STM32CubeIDE_1.13.1/STM32CubeIDE/plugins/com.st.stm32cube.ide.mcu.externaltools.gnu-tools-for-stm32.11.3.rel1.win32_1.1.0.202305231506/tools/bin/../lib/gcc/arm-none-eabi/11.3.1/../../../../arm-none-eabi/lib/thumb/v7-m/nofp/crt0.o
LOAD ./HAL/HAL_EEPROM.o
LOAD ./HAL/keypad.o
LOAD ./HAL/lcd.o
LOAD ./Src/main.o
LOAD ./Src/syscalls.o
LOAD ./Src/sysmem.o
LOAD ./Startup/startup_stm32f103c6tx.o
LOAD ./Stm32_F103C6_Drivers/Data_Manipulation.o
LOAD ./Stm32_F103C6_Drivers/Stm32_F103C6_EXTI_Driver.o
LOAD ./Stm32_F103C6_Drivers/Stm32_F103C6_GPIO_Driver.o
LOAD ./Stm32_F103C6_Drivers/Stm32_F103C6_I2C_Driver.o
LOAD ./Stm32_F103C6_Drivers/Stm32_F103C6_RCC_Driver.o
LOAD ./Stm32_F103C6_Drivers/Stm32_F103C6_SPI_Driver.o
LOAD ./Stm32_F103C6_Drivers/Stm32_F103C6_UART_Driver.o
START GROUP
LOAD C:/ST/STM32CubeIDE_1.13.1/STM32CubeIDE/plugins/com.st.stm32cube.ide.mcu.externaltools.gnu-tools-for-stm32.11.3.rel1.win32_1.1.0.202305231506/tools/bin/../lib/gcc/arm-none-eabi/11.3.1/../../../../arm-none-eabi/lib/thumb/v7-m/nofp\libc_nano.a
LOAD C:/ST/STM32CubeIDE_1.13.1/STM32CubeIDE/plugins/com.st.stm32cube.ide.mcu.externaltools.gnu-tools-for-stm32.11.3.rel1.win32_1.1.0.202305231506/tools/bin/../lib/gcc/arm-none-eabi/11.3.1/../../../../arm-none-eabi/lib/thumb/v7-m/nofp\libm.a
END GROUP
START GROUP
LOAD C:/ST/STM32CubeIDE_1.13.1/STM32CubeIDE/plugins/com.st.stm32cube.ide.mcu.externaltools.gnu-tools-for-stm32.11.3.rel1.win32_1.1.0.202305231506/tools/bin/../lib/gcc/arm-none-eabi/11.3.1/thumb/v7-m/nofp\libgcc.a
LOAD C:/ST/STM32CubeIDE_1.13.1/STM32CubeIDE/plugins/com.st.stm32cube.ide.mcu.externaltools.gnu-tools-for-stm32.11.3.rel1.win32_1.1.0.202305231506/tools/bin/../lib/gcc/arm-none-eabi/11.3.1/../../../../arm-none-eabi/lib/thumb/v7-m/nofp\libg_nano.a
LOAD C:/ST/STM32CubeIDE_1.13.1/STM32CubeIDE/plugins/com.st.stm32cube.ide.mcu.externaltools.gnu-tools-for-stm32.11.3.rel1.win32_1.1.0.202305231506/tools/bin/../lib/gcc/arm-none-eabi/11.3.1/../../../../arm-none-eabi/lib/thumb/v7-m/nofp\libc_nano.a
END GROUP
START GROUP
LOAD C:/ST/STM32CubeIDE_1.13.1/STM32CubeIDE/plugins/com.st.stm32cube.ide.mcu.externaltools.gnu-tools-for-stm32.11.3.rel1.win32_1.1.0.202305231506/tools/bin/../lib/gcc/arm-none-eabi/11.3.1/thumb/v7-m/nofp\libgcc.a
LOAD C:/ST/STM32CubeIDE_1.13.1/STM32CubeIDE/plugins/com.st.stm32cube.ide.mcu.externaltools.gnu-tools-for-stm32.11.3.rel1.win32_1.1.0.202305231506/tools/bin/../lib/gcc/arm-none-eabi/11.3.1/../../../../arm-none-eabi/lib/thumb/v7-m/nofp\libc_nano.a
LOAD C:/ST/STM32CubeIDE_1.13.1/STM32CubeIDE/plugins/com.st.stm32cube.ide.mcu.externaltools.gnu-tools-for-stm32.11.3.rel1.win32_1.1.0.202305231506/tools/bin/../lib/gcc/arm-none-eabi/11.3.1/../../../../arm-none-eabi/lib/thumb/v7-m/nofp\libnosys.a
END GROUP
START GROUP
LOAD C:/ST/STM32CubeIDE_1.13.1/STM32CubeIDE/plugins/com.st.stm32cube.ide.mcu.externaltools.gnu-tools-for-stm32.11.3.rel1.win32_1.1.0.202305231506/tools/bin/../lib/gcc/arm-none-eabi/11.3.1/thumb/v7-m/nofp\libgcc.a
LOAD C:/ST/STM32CubeIDE_1.13.1/STM32CubeIDE/plugins/com.st.stm32cube.ide.mcu.externaltools.gnu-tools-for-stm32.11.3.rel1.win32_1.1.0.202305231506/tools/bin/../lib/gcc/arm-none-eabi/11.3.1/../../../../arm-none-eabi/lib/thumb/v7-m/nofp\libc_nano.a
LOAD C:/ST/STM32CubeIDE_1.13.1/STM32CubeIDE/plugins/com.st.stm32cube.ide.mcu.externaltools.gnu-tools-for-stm32.11.3.rel1.win32_1.1.0.202305231506/tools/bin/../lib/gcc/arm-none-eabi/11.3.1/../../../../arm-none-eabi/lib/thumb/v7-m/nofp\libnosys.a
END GROUP
LOAD C:/ST/STM32CubeIDE_1.13.1/STM32CubeIDE/plugins/com.st.stm32cube.ide.mcu.externaltools.gnu-tools-for-stm32.11.3.rel1.win32_1.1.0.202305231506/tools/bin/../lib/gcc/arm-none-eabi/11.3.1/thumb/v7-m/nofp/crtend.o
LOAD C:/ST/STM32CubeIDE_1.13.1/STM32CubeIDE/plugins/com.st.stm32cube.ide.mcu.externaltools.gnu-tools-for-stm32.11.3.rel1.win32_1.1.0.202305231506/tools/bin/../lib/gcc/arm-none-eabi/11.3.1/thumb/v7-m/nofp/crtn.o
                0x0000000020002800                _estack = (ORIGIN (RAM) + LENGTH (RAM))
                0x0000000000000200                _Min_Heap_Size = 0x200
                0x0000000000000400                _Min_Stack_Size = 0x400

.isr_vector     0x0000000008000000      0x130
                0x0000000008000000                . = ALIGN (0x4)
 *(.isr_vector)
 .isr_vector    0x0000000008000000      0x130 ./Startup/startup_stm32f103c6tx.o
                0x0000000008000000                g_pfnVectors
                0x0000000008000130                . = ALIGN (0x4)

.text           0x0000000008000130     0x1504
                0x0000000008000130                . = ALIGN (0x4)
 *(.text)
 .text          0x0000000008000130       0x40 C:/ST/STM32CubeIDE_1.13.1/STM32CubeIDE/plugins/com.st.stm32cube.ide.mcu.externaltools.gnu-tools-for-stm32.11.3.rel1.win32_1.1.0.202305231506/tools/bin/../lib/gcc/arm-none-eabi/11.3.1/thumb/v7-m/nofp/crtbegin.o
 *(.text*)
 .text.clock_init
                0x0000000008000170       0x34 ./Src/main.o
                0x0000000008000170                clock_init
 .text.Omar_UART_IRQ_Callback
                0x00000000080001a4       0x4c ./Src/main.o
                0x00000000080001a4                Omar_UART_IRQ_Callback
 .text.main     0x00000000080001f0       0xb0 ./Src/main.o
                0x00000000080001f0                main
 .text.Reset_Handler
                0x00000000080002a0       0x50 ./Startup/startup_stm32f103c6tx.o
                0x00000000080002a0                Reset_Handler
 .text.Default_Handler
                0x00000000080002f0        0x2 ./Startup/startup_stm32f103c6tx.o
                0x00000000080002f0                TIM8_TRG_COM_IRQHandler
                0x00000000080002f0                TIM8_CC_IRQHandler
                0x00000000080002f0                DebugMon_Handler
                0x00000000080002f0                TIM1_CC_IRQHandler
                0x00000000080002f0                HardFault_Handler
                0x00000000080002f0                TIM6_IRQHandler
                0x00000000080002f0                SysTick_Handler
                0x00000000080002f0                PVD_IRQHandler
                0x00000000080002f0                SDIO_IRQHandler
                0x00000000080002f0                PendSV_Handler
                0x00000000080002f0                NMI_Handler
                0x00000000080002f0                USB_HP_CAN_TX_IRQHandler
                0x00000000080002f0                UsageFault_Handler
                0x00000000080002f0                ADC1_2_IRQHandler
                0x00000000080002f0                CAN_SCE_IRQHandler
                0x00000000080002f0                TAMPER_IRQHandler
                0x00000000080002f0                TIM8_UP_IRQHandler
                0x00000000080002f0                DMA2_Channel2_IRQHandler
                0x00000000080002f0                DMA1_Channel4_IRQHandler
                0x00000000080002f0                RTC_IRQHandler
                0x00000000080002f0                DMA1_Channel7_IRQHandler
                0x00000000080002f0                UART5_IRQHandler
                0x00000000080002f0                ADC3_IRQHandler
                0x00000000080002f0                TIM4_IRQHandler
                0x00000000080002f0                CAN_RX1_IRQHandler
                0x00000000080002f0                DMA2_Channel1_IRQHandler
                0x00000000080002f0                DMA1_Channel6_IRQHandler
                0x00000000080002f0                UART4_IRQHandler
                0x00000000080002f0                TIM3_IRQHandler
                0x00000000080002f0                RCC_IRQHandler
                0x00000000080002f0                TIM1_TRG_COM_IRQHandler
                0x00000000080002f0                DMA1_Channel1_IRQHandler
                0x00000000080002f0                Default_Handler
                0x00000000080002f0                TIM7_IRQHandler
                0x00000000080002f0                TIM5_IRQHandler
                0x00000000080002f0                USB_LP_CAN_RX0_IRQHandler
                0x00000000080002f0                MemManage_Handler
                0x00000000080002f0                SVC_Handler
                0x00000000080002f0                DMA1_Channel5_IRQHandler
                0x00000000080002f0                DMA1_Channel3_IRQHandler
                0x00000000080002f0                FSMC_IRQHandler
                0x00000000080002f0                TIM1_UP_IRQHandler
                0x00000000080002f0                WWDG_IRQHandler
                0x00000000080002f0                TIM2_IRQHandler
                0x00000000080002f0                TIM1_BRK_IRQHandler
                0x00000000080002f0                RTCAlarm_IRQHandler
                0x00000000080002f0                DMA2_Channel4_5_IRQHandler
                0x00000000080002f0                DMA1_Channel2_IRQHandler
                0x00000000080002f0                TIM8_BRK_IRQHandler
                0x00000000080002f0                FLASH_IRQHandler
                0x00000000080002f0                BusFault_Handler
                0x00000000080002f0                SPI3_IRQHandler
                0x00000000080002f0                DMA2_Channel3_IRQHandler
 *fill*         0x00000000080002f2        0x2 
 .text.EXTI0_IRQHandler
                0x00000000080002f4       0x24 ./Stm32_F103C6_Drivers/Stm32_F103C6_EXTI_Driver.o
                0x00000000080002f4                EXTI0_IRQHandler
 .text.EXTI1_IRQHandler
                0x0000000008000318       0x24 ./Stm32_F103C6_Drivers/Stm32_F103C6_EXTI_Driver.o
                0x0000000008000318                EXTI1_IRQHandler
 .text.EXTI2_IRQHandler
                0x000000000800033c       0x24 ./Stm32_F103C6_Drivers/Stm32_F103C6_EXTI_Driver.o
                0x000000000800033c                EXTI2_IRQHandler
 .text.EXTI3_IRQHandler
                0x0000000008000360       0x24 ./Stm32_F103C6_Drivers/Stm32_F103C6_EXTI_Driver.o
                0x0000000008000360                EXTI3_IRQHandler
 .text.EXTI4_IRQHandler
                0x0000000008000384       0x24 ./Stm32_F103C6_Drivers/Stm32_F103C6_EXTI_Driver.o
                0x0000000008000384                EXTI4_IRQHandler
 .text.EXTI9_5_IRQHandler
                0x00000000080003a8       0xb0 ./Stm32_F103C6_Drivers/Stm32_F103C6_EXTI_Driver.o
                0x00000000080003a8                EXTI9_5_IRQHandler
 .text.EXTI15_10_IRQHandler
                0x0000000008000458       0xb0 ./Stm32_F103C6_Drivers/Stm32_F103C6_EXTI_Driver.o
                0x0000000008000458                EXTI15_10_IRQHandler
 .text.MCAL_GPIO_Init
                0x0000000008000508      0x850 ./Stm32_F103C6_Drivers/Stm32_F103C6_GPIO_Driver.o
                0x0000000008000508                MCAL_GPIO_Init
 .text.MCAL_GPIO_Write_PIN
                0x0000000008000d58       0x44 ./Stm32_F103C6_Drivers/Stm32_F103C6_GPIO_Driver.o
                0x0000000008000d58                MCAL_GPIO_Write_PIN
 .text._FindPinNum
                0x0000000008000d9c       0x34 ./Stm32_F103C6_Drivers/Stm32_F103C6_GPIO_Driver.o
                0x0000000008000d9c                _FindPinNum
 .text.I2C1_EV_IRQHandler
                0x0000000008000dd0        0xc ./Stm32_F103C6_Drivers/Stm32_F103C6_I2C_Driver.o
                0x0000000008000dd0                I2C1_EV_IRQHandler
 .text.I2C1_ER_IRQHandler
                0x0000000008000ddc        0xc ./Stm32_F103C6_Drivers/Stm32_F103C6_I2C_Driver.o
                0x0000000008000ddc                I2C1_ER_IRQHandler
 .text.I2C2_EV_IRQHandler
                0x0000000008000de8        0xc ./Stm32_F103C6_Drivers/Stm32_F103C6_I2C_Driver.o
                0x0000000008000de8                I2C2_EV_IRQHandler
 .text.I2C2_ER_IRQHandler
                0x0000000008000df4        0xc ./Stm32_F103C6_Drivers/Stm32_F103C6_I2C_Driver.o
                0x0000000008000df4                I2C2_ER_IRQHandler
 .text.MCAL_RCC_GetSYS_CLKFreq
                0x0000000008000e00       0x44 ./Stm32_F103C6_Drivers/Stm32_F103C6_RCC_Driver.o
                0x0000000008000e00                MCAL_RCC_GetSYS_CLKFreq
 .text.MCAL_RCC_GetHCLKFreq
                0x0000000008000e44       0x28 ./Stm32_F103C6_Drivers/Stm32_F103C6_RCC_Driver.o
                0x0000000008000e44                MCAL_RCC_GetHCLKFreq
 .text.MCAL_RCC_GetPCLK1Freq
                0x0000000008000e6c       0x28 ./Stm32_F103C6_Drivers/Stm32_F103C6_RCC_Driver.o
                0x0000000008000e6c                MCAL_RCC_GetPCLK1Freq
 .text.MCAL_RCC_GetPCLK2Freq
                0x0000000008000e94       0x28 ./Stm32_F103C6_Drivers/Stm32_F103C6_RCC_Driver.o
                0x0000000008000e94                MCAL_RCC_GetPCLK2Freq
 .text.MCAL_SPI_Init
                0x0000000008000ebc      0x134 ./Stm32_F103C6_Drivers/Stm32_F103C6_SPI_Driver.o
                0x0000000008000ebc                MCAL_SPI_Init
 .text.MCAL_SPI_TX_RX
                0x0000000008000ff0       0x54 ./Stm32_F103C6_Drivers/Stm32_F103C6_SPI_Driver.o
                0x0000000008000ff0                MCAL_SPI_TX_RX
 .text.MCAL_SPI_GPIO_Set_Pins
                0x0000000008001044      0x1ec ./Stm32_F103C6_Drivers/Stm32_F103C6_SPI_Driver.o
                0x0000000008001044                MCAL_SPI_GPIO_Set_Pins
 .text.SPI1_IRQHandler
                0x0000000008001230       0x5c ./Stm32_F103C6_Drivers/Stm32_F103C6_SPI_Driver.o
                0x0000000008001230                SPI1_IRQHandler
 .text.SPI2_IRQHandler
                0x000000000800128c       0x5c ./Stm32_F103C6_Drivers/Stm32_F103C6_SPI_Driver.o
                0x000000000800128c                SPI2_IRQHandler
 .text.MCAL_UART_Init
                0x00000000080012e8      0x1c0 ./Stm32_F103C6_Drivers/Stm32_F103C6_UART_Driver.o
                0x00000000080012e8                MCAL_UART_Init
 .text.MCAL_UART_SendData
                0x00000000080014a8       0x44 ./Stm32_F103C6_Drivers/Stm32_F103C6_UART_Driver.o
                0x00000000080014a8                MCAL_UART_SendData
 .text.MCAL_UART_ReceiveData
                0x00000000080014ec       0x64 ./Stm32_F103C6_Drivers/Stm32_F103C6_UART_Driver.o
                0x00000000080014ec                MCAL_UART_ReceiveData
 .text.MCAL_UART_GPIO_Set_Pins
                0x0000000008001550       0x48 ./Stm32_F103C6_Drivers/Stm32_F103C6_UART_Driver.o
                0x0000000008001550                MCAL_UART_GPIO_Set_Pins
 .text.USART1_IRQHandler
                0x0000000008001598       0x14 ./Stm32_F103C6_Drivers/Stm32_F103C6_UART_Driver.o
                0x0000000008001598                USART1_IRQHandler
 .text.USART2_IRQHandler
                0x00000000080015ac       0x14 ./Stm32_F103C6_Drivers/Stm32_F103C6_UART_Driver.o
                0x00000000080015ac                USART2_IRQHandler
 .text.USART3_IRQHandler
                0x00000000080015c0       0x14 ./Stm32_F103C6_Drivers/Stm32_F103C6_UART_Driver.o
                0x00000000080015c0                USART3_IRQHandler
 .text.__libc_init_array
                0x00000000080015d4       0x48 C:/ST/STM32CubeIDE_1.13.1/STM32CubeIDE/plugins/com.st.stm32cube.ide.mcu.externaltools.gnu-tools-for-stm32.11.3.rel1.win32_1.1.0.202305231506/tools/bin/../lib/gcc/arm-none-eabi/11.3.1/../../../../arm-none-eabi/lib/thumb/v7-m/nofp\libc_nano.a(libc_a-init.o)
                0x00000000080015d4                __libc_init_array
 *(.glue_7)
 .glue_7        0x000000000800161c        0x0 linker stubs
 *(.glue_7t)
 .glue_7t       0x000000000800161c        0x0 linker stubs
 *(.eh_frame)
 .eh_frame      0x000000000800161c        0x0 C:/ST/STM32CubeIDE_1.13.1/STM32CubeIDE/plugins/com.st.stm32cube.ide.mcu.externaltools.gnu-tools-for-stm32.11.3.rel1.win32_1.1.0.202305231506/tools/bin/../lib/gcc/arm-none-eabi/11.3.1/thumb/v7-m/nofp/crtbegin.o
 *(.init)
 .init          0x000000000800161c        0x4 C:/ST/STM32CubeIDE_1.13.1/STM32CubeIDE/plugins/com.st.stm32cube.ide.mcu.externaltools.gnu-tools-for-stm32.11.3.rel1.win32_1.1.0.202305231506/tools/bin/../lib/gcc/arm-none-eabi/11.3.1/thumb/v7-m/nofp/crti.o
                0x000000000800161c                _init
 .init          0x0000000008001620        0x8 C:/ST/STM32CubeIDE_1.13.1/STM32CubeIDE/plugins/com.st.stm32cube.ide.mcu.externaltools.gnu-tools-for-stm32.11.3.rel1.win32_1.1.0.202305231506/tools/bin/../lib/gcc/arm-none-eabi/11.3.1/thumb/v7-m/nofp/crtn.o
 *(.fini)
 .fini          0x0000000008001628        0x4 C:/ST/STM32CubeIDE_1.13.1/STM32CubeIDE/plugins/com.st.stm32cube.ide.mcu.externaltools.gnu-tools-for-stm32.11.3.rel1.win32_1.1.0.202305231506/tools/bin/../lib/gcc/arm-none-eabi/11.3.1/thumb/v7-m/nofp/crti.o
                0x0000000008001628                _fini
 .fini          0x000000000800162c        0x8 C:/ST/STM32CubeIDE_1.13.1/STM32CubeIDE/plugins/com.st.stm32cube.ide.mcu.externaltools.gnu-tools-for-stm32.11.3.rel1.win32_1.1.0.202305231506/tools/bin/../lib/gcc/arm-none-eabi/11.3.1/thumb/v7-m/nofp/crtn.o
                0x0000000008001634                . = ALIGN (0x4)
                0x0000000008001634                _etext = .

.vfp11_veneer   0x0000000008001634        0x0
 .vfp11_veneer  0x0000000008001634        0x0 linker stubs

.v4_bx          0x0000000008001634        0x0
 .v4_bx         0x0000000008001634        0x0 linker stubs

.iplt           0x0000000008001634        0x0
 .iplt          0x0000000008001634        0x0 C:/ST/STM32CubeIDE_1.13.1/STM32CubeIDE/plugins/com.st.stm32cube.ide.mcu.externaltools.gnu-tools-for-stm32.11.3.rel1.win32_1.1.0.202305231506/tools/bin/../lib/gcc/arm-none-eabi/11.3.1/thumb/v7-m/nofp/crtbegin.o

.rodata         0x0000000008001634       0x18
                0x0000000008001634                . = ALIGN (0x4)
 *(.rodata)
 *(.rodata*)
 .rodata.APBPrescTable
                0x0000000008001634        0x8 ./Stm32_F103C6_Drivers/Stm32_F103C6_RCC_Driver.o
                0x0000000008001634                APBPrescTable
 .rodata.AHBPrescTable
                0x000000000800163c       0x10 ./Stm32_F103C6_Drivers/Stm32_F103C6_RCC_Driver.o
                0x000000000800163c                AHBPrescTable
                0x000000000800164c                . = ALIGN (0x4)

.rel.dyn        0x000000000800164c        0x0
 .rel.iplt      0x000000000800164c        0x0 C:/ST/STM32CubeIDE_1.13.1/STM32CubeIDE/plugins/com.st.stm32cube.ide.mcu.externaltools.gnu-tools-for-stm32.11.3.rel1.win32_1.1.0.202305231506/tools/bin/../lib/gcc/arm-none-eabi/11.3.1/thumb/v7-m/nofp/crtbegin.o

.ARM.extab      0x000000000800164c        0x0
                0x000000000800164c                . = ALIGN (0x4)
 *(.ARM.extab* .gnu.linkonce.armextab.*)
                0x000000000800164c                . = ALIGN (0x4)

.ARM            0x000000000800164c        0x0
                0x000000000800164c                . = ALIGN (0x4)
                0x000000000800164c                __exidx_start = .
 *(.ARM.exidx*)
                0x000000000800164c                __exidx_end = .
                0x000000000800164c                . = ALIGN (0x4)

.preinit_array  0x000000000800164c        0x0
                0x000000000800164c                . = ALIGN (0x4)
                0x000000000800164c                PROVIDE (__preinit_array_start = .)
 *(.preinit_array*)
                0x000000000800164c                PROVIDE (__preinit_array_end = .)
                0x000000000800164c                . = ALIGN (0x4)

.init_array     0x000000000800164c        0x4
                0x000000000800164c                . = ALIGN (0x4)
                0x000000000800164c                PROVIDE (__init_array_start = .)
 *(SORT_BY_NAME(.init_array.*))
 *(.init_array*)
 .init_array    0x000000000800164c        0x4 C:/ST/STM32CubeIDE_1.13.1/STM32CubeIDE/plugins/com.st.stm32cube.ide.mcu.externaltools.gnu-tools-for-stm32.11.3.rel1.win32_1.1.0.202305231506/tools/bin/../lib/gcc/arm-none-eabi/11.3.1/thumb/v7-m/nofp/crtbegin.o
                0x0000000008001650                PROVIDE (__init_array_end = .)
                0x0000000008001650                . = ALIGN (0x4)

.fini_array     0x0000000008001650        0x4
                0x0000000008001650                . = ALIGN (0x4)
                [!provide]                        PROVIDE (__fini_array_start = .)
 *(SORT_BY_NAME(.fini_array.*))
 *(.fini_array*)
 .fini_array    0x0000000008001650        0x4 C:/ST/STM32CubeIDE_1.13.1/STM32CubeIDE/plugins/com.st.stm32cube.ide.mcu.externaltools.gnu-tools-for-stm32.11.3.rel1.win32_1.1.0.202305231506/tools/bin/../lib/gcc/arm-none-eabi/11.3.1/thumb/v7-m/nofp/crtbegin.o
                [!provide]                        PROVIDE (__fini_array_end = .)
                0x0000000008001654                . = ALIGN (0x4)
                0x0000000008001654                _sidata = LOADADDR (.data)

.data           0x0000000020000000        0x0 load address 0x0000000008001654
                0x0000000020000000                . = ALIGN (0x4)
                0x0000000020000000                _sdata = .
 *(.data)
 *(.data*)
 *(.RamFunc)
 *(.RamFunc*)
                0x0000000020000000                . = ALIGN (0x4)
                0x0000000020000000                _edata = .

.igot.plt       0x0000000020000000        0x0 load address 0x0000000008001654
 .igot.plt      0x0000000020000000        0x0 C:/ST/STM32CubeIDE_1.13.1/STM32CubeIDE/plugins/com.st.stm32cube.ide.mcu.externaltools.gnu-tools-for-stm32.11.3.rel1.win32_1.1.0.202305231506/tools/bin/../lib/gcc/arm-none-eabi/11.3.1/thumb/v7-m/nofp/crtbegin.o
                0x0000000020000000                . = ALIGN (0x4)

.bss            0x0000000020000000       0x68 load address 0x0000000008001654
                0x0000000020000000                _sbss = .
                0x0000000020000000                __bss_start__ = _sbss
 *(.bss)
 .bss           0x0000000020000000       0x1c C:/ST/STM32CubeIDE_1.13.1/STM32CubeIDE/plugins/com.st.stm32cube.ide.mcu.externaltools.gnu-tools-for-stm32.11.3.rel1.win32_1.1.0.202305231506/tools/bin/../lib/gcc/arm-none-eabi/11.3.1/thumb/v7-m/nofp/crtbegin.o
 *(.bss*)
 .bss.ch        0x000000002000001c        0x2 ./Src/main.o
                0x000000002000001c                ch
 *fill*         0x000000002000001e        0x2 
 .bss.GP_IRQ_CALLBACK
                0x0000000020000020       0x3c ./Stm32_F103C6_Drivers/Stm32_F103C6_EXTI_Driver.o
                0x0000000020000020                GP_IRQ_CALLBACK
 .bss._SPI_Config
                0x000000002000005c        0x8 ./Stm32_F103C6_Drivers/Stm32_F103C6_SPI_Driver.o
                0x000000002000005c                _SPI_Config
 .bss._UART_Config
                0x0000000020000064        0x4 ./Stm32_F103C6_Drivers/Stm32_F103C6_UART_Driver.o
                0x0000000020000064                _UART_Config
 *(COMMON)
                0x0000000020000068                . = ALIGN (0x4)
                0x0000000020000068                _ebss = .
                0x0000000020000068                __bss_end__ = _ebss

._user_heap_stack
                0x0000000020000068      0x600 load address 0x0000000008001654
                0x0000000020000068                . = ALIGN (0x8)
                [!provide]                        PROVIDE (end = .)
                0x0000000020000068                PROVIDE (_end = .)
                0x0000000020000268                . = (. + _Min_Heap_Size)
 *fill*         0x0000000020000068      0x200 
                0x0000000020000668                . = (. + _Min_Stack_Size)
 *fill*         0x0000000020000268      0x400 
                0x0000000020000668                . = ALIGN (0x8)

/DISCARD/
 libc.a(*)
 libm.a(*)
 libgcc.a(*)

.ARM.attributes
                0x0000000000000000       0x29
 *(.ARM.attributes)
 .ARM.attributes
                0x0000000000000000       0x1d C:/ST/STM32CubeIDE_1.13.1/STM32CubeIDE/plugins/com.st.stm32cube.ide.mcu.externaltools.gnu-tools-for-stm32.11.3.rel1.win32_1.1.0.202305231506/tools/bin/../lib/gcc/arm-none-eabi/11.3.1/thumb/v7-m/nofp/crti.o
 .ARM.attributes
                0x000000000000001d       0x2d C:/ST/STM32CubeIDE_1.13.1/STM32CubeIDE/plugins/com.st.stm32cube.ide.mcu.externaltools.gnu-tools-for-stm32.11.3.rel1.win32_1.1.0.202305231506/tools/bin/../lib/gcc/arm-none-eabi/11.3.1/thumb/v7-m/nofp/crtbegin.o
 .ARM.attributes
                0x000000000000004a       0x2d ./Src/main.o
 .ARM.attributes
                0x0000000000000077       0x21 ./Startup/startup_stm32f103c6tx.o
 .ARM.attributes
                0x0000000000000098       0x2d ./Stm32_F103C6_Drivers/Stm32_F103C6_EXTI_Driver.o
 .ARM.attributes
                0x00000000000000c5       0x2d ./Stm32_F103C6_Drivers/Stm32_F103C6_GPIO_Driver.o
 .ARM.attributes
                0x00000000000000f2       0x2d ./Stm32_F103C6_Drivers/Stm32_F103C6_I2C_Driver.o
 .ARM.attributes
                0x000000000000011f       0x2d ./Stm32_F103C6_Drivers/Stm32_F103C6_RCC_Driver.o
 .ARM.attributes
                0x000000000000014c       0x2d ./Stm32_F103C6_Drivers/Stm32_F103C6_SPI_Driver.o
 .ARM.attributes
                0x0000000000000179       0x2d ./Stm32_F103C6_Drivers/Stm32_F103C6_UART_Driver.o
 .ARM.attributes
                0x00000000000001a6       0x2d C:/ST/STM32CubeIDE_1.13.1/STM32CubeIDE/plugins/com.st.stm32cube.ide.mcu.externaltools.gnu-tools-for-stm32.11.3.rel1.win32_1.1.0.202305231506/tools/bin/../lib/gcc/arm-none-eabi/11.3.1/../../../../arm-none-eabi/lib/thumb/v7-m/nofp\libc_nano.a(libc_a-init.o)
 .ARM.attributes
                0x00000000000001d3       0x1d C:/ST/STM32CubeIDE_1.13.1/STM32CubeIDE/plugins/com.st.stm32cube.ide.mcu.externaltools.gnu-tools-for-stm32.11.3.rel1.win32_1.1.0.202305231506/tools/bin/../lib/gcc/arm-none-eabi/11.3.1/thumb/v7-m/nofp/crtn.o
OUTPUT(Drivers.elf elf32-littlearm)
LOAD linker stubs
LOAD C:/ST/STM32CubeIDE_1.13.1/STM32CubeIDE/plugins/com.st.stm32cube.ide.mcu.externaltools.gnu-tools-for-stm32.11.3.rel1.win32_1.1.0.202305231506/tools/bin/../lib/gcc/arm-none-eabi/11.3.1/../../../../arm-none-eabi/lib/thumb/v7-m/nofp\libc.a
LOAD C:/ST/STM32CubeIDE_1.13.1/STM32CubeIDE/plugins/com.st.stm32cube.ide.mcu.externaltools.gnu-tools-for-stm32.11.3.rel1.win32_1.1.0.202305231506/tools/bin/../lib/gcc/arm-none-eabi/11.3.1/../../../../arm-none-eabi/lib/thumb/v7-m/nofp\libm.a
LOAD C:/ST/STM32CubeIDE_1.13.1/STM32CubeIDE/plugins/com.st.stm32cube.ide.mcu.externaltools.gnu-tools-for-stm32.11.3.rel1.win32_1.1.0.202305231506/tools/bin/../lib/gcc/arm-none-eabi/11.3.1/thumb/v7-m/nofp\libgcc.a

.comment        0x0000000000000000       0x43
 .comment       0x0000000000000000       0x43 C:/ST/STM32CubeIDE_1.13.1/STM32CubeIDE/plugins/com.st.stm32cube.ide.mcu.externaltools.gnu-tools-for-stm32.11.3.rel1.win32_1.1.0.202305231506/tools/bin/../lib/gcc/arm-none-eabi/11.3.1/thumb/v7-m/nofp/crtbegin.o
                                         0x44 (size before relaxing)
 .comment       0x0000000000000043       0x44 ./Src/main.o
 .comment       0x0000000000000043       0x44 ./Stm32_F103C6_Drivers/Stm32_F103C6_EXTI_Driver.o
 .comment       0x0000000000000043       0x44 ./Stm32_F103C6_Drivers/Stm32_F103C6_GPIO_Driver.o
 .comment       0x0000000000000043       0x44 ./Stm32_F103C6_Drivers/Stm32_F103C6_I2C_Driver.o
 .comment       0x0000000000000043       0x44 ./Stm32_F103C6_Drivers/Stm32_F103C6_RCC_Driver.o
 .comment       0x0000000000000043       0x44 ./Stm32_F103C6_Drivers/Stm32_F103C6_SPI_Driver.o
 .comment       0x0000000000000043       0x44 ./Stm32_F103C6_Drivers/Stm32_F103C6_UART_Driver.o

.debug_info     0x0000000000000000     0x27fb
 .debug_info    0x0000000000000000      0x6e0 ./Src/main.o
 .debug_info    0x00000000000006e0       0x22 ./Startup/startup_stm32f103c6tx.o
 .debug_info    0x0000000000000702      0x52a ./Stm32_F103C6_Drivers/Stm32_F103C6_EXTI_Driver.o
 .debug_info    0x0000000000000c2c      0x3d4 ./Stm32_F103C6_Drivers/Stm32_F103C6_GPIO_Driver.o
 .debug_info    0x0000000000001000      0x9cb ./Stm32_F103C6_Drivers/Stm32_F103C6_I2C_Driver.o
 .debug_info    0x00000000000019cb      0x223 ./Stm32_F103C6_Drivers/Stm32_F103C6_RCC_Driver.o
 .debug_info    0x0000000000001bee      0x671 ./Stm32_F103C6_Drivers/Stm32_F103C6_SPI_Driver.o
 .debug_info    0x000000000000225f      0x59c ./Stm32_F103C6_Drivers/Stm32_F103C6_UART_Driver.o

.debug_abbrev   0x0000000000000000      0xac2
 .debug_abbrev  0x0000000000000000      0x17c ./Src/main.o
 .debug_abbrev  0x000000000000017c       0x12 ./Startup/startup_stm32f103c6tx.o
 .debug_abbrev  0x000000000000018e      0x180 ./Stm32_F103C6_Drivers/Stm32_F103C6_EXTI_Driver.o
 .debug_abbrev  0x000000000000030e      0x135 ./Stm32_F103C6_Drivers/Stm32_F103C6_GPIO_Driver.o
 .debug_abbrev  0x0000000000000443      0x21a ./Stm32_F103C6_Drivers/Stm32_F103C6_I2C_Driver.o
 .debug_abbrev  0x000000000000065d       0xda ./Stm32_F103C6_Drivers/Stm32_F103C6_RCC_Driver.o
 .debug_abbrev  0x0000000000000737      0x1d9 ./Stm32_F103C6_Drivers/Stm32_F103C6_SPI_Driver.o
 .debug_abbrev  0x0000000000000910      0x1b2 ./Stm32_F103C6_Drivers/Stm32_F103C6_UART_Driver.o

.debug_loc      0x0000000000000000     0x1170
 .debug_loc     0x0000000000000000       0xa8 ./Src/main.o
 .debug_loc     0x00000000000000a8      0x320 ./Stm32_F103C6_Drivers/Stm32_F103C6_EXTI_Driver.o
 .debug_loc     0x00000000000003c8      0x324 ./Stm32_F103C6_Drivers/Stm32_F103C6_GPIO_Driver.o
 .debug_loc     0x00000000000006ec      0x46c ./Stm32_F103C6_Drivers/Stm32_F103C6_I2C_Driver.o
 .debug_loc     0x0000000000000b58       0xc8 ./Stm32_F103C6_Drivers/Stm32_F103C6_RCC_Driver.o
 .debug_loc     0x0000000000000c20      0x2bc ./Stm32_F103C6_Drivers/Stm32_F103C6_SPI_Driver.o
 .debug_loc     0x0000000000000edc      0x294 ./Stm32_F103C6_Drivers/Stm32_F103C6_UART_Driver.o

.debug_aranges  0x0000000000000000      0x2b0
 .debug_aranges
                0x0000000000000000       0x30 ./Src/main.o
 .debug_aranges
                0x0000000000000030       0x28 ./Startup/startup_stm32f103c6tx.o
 .debug_aranges
                0x0000000000000058       0x80 ./Stm32_F103C6_Drivers/Stm32_F103C6_EXTI_Driver.o
 .debug_aranges
                0x00000000000000d8       0x60 ./Stm32_F103C6_Drivers/Stm32_F103C6_GPIO_Driver.o
 .debug_aranges
                0x0000000000000138       0x88 ./Stm32_F103C6_Drivers/Stm32_F103C6_I2C_Driver.o
 .debug_aranges
                0x00000000000001c0       0x38 ./Stm32_F103C6_Drivers/Stm32_F103C6_RCC_Driver.o
 .debug_aranges
                0x00000000000001f8       0x58 ./Stm32_F103C6_Drivers/Stm32_F103C6_SPI_Driver.o
 .debug_aranges
                0x0000000000000250       0x60 ./Stm32_F103C6_Drivers/Stm32_F103C6_UART_Driver.o

.debug_ranges   0x0000000000000000      0x250
 .debug_ranges  0x0000000000000000       0x20 ./Src/main.o
 .debug_ranges  0x0000000000000020       0x20 ./Startup/startup_stm32f103c6tx.o
 .debug_ranges  0x0000000000000040       0x70 ./Stm32_F103C6_Drivers/Stm32_F103C6_EXTI_Driver.o
 .debug_ranges  0x00000000000000b0       0x50 ./Stm32_F103C6_Drivers/Stm32_F103C6_GPIO_Driver.o
 .debug_ranges  0x0000000000000100       0x78 ./Stm32_F103C6_Drivers/Stm32_F103C6_I2C_Driver.o
 .debug_ranges  0x0000000000000178       0x28 ./Stm32_F103C6_Drivers/Stm32_F103C6_RCC_Driver.o
 .debug_ranges  0x00000000000001a0       0x60 ./Stm32_F103C6_Drivers/Stm32_F103C6_SPI_Driver.o
 .debug_ranges  0x0000000000000200       0x50 ./Stm32_F103C6_Drivers/Stm32_F103C6_UART_Driver.o

.debug_macro    0x0000000000000000     0x143b
 .debug_macro   0x0000000000000000      0x18a ./Src/main.o
 .debug_macro   0x000000000000018a       0x8e ./Src/main.o
 .debug_macro   0x0000000000000218       0x51 ./Src/main.o
 .debug_macro   0x0000000000000269       0x61 ./Src/main.o
 .debug_macro   0x00000000000002ca       0xd0 ./Src/main.o
 .debug_macro   0x000000000000039a       0xbe ./Src/main.o
 .debug_macro   0x0000000000000458      0x298 ./Src/main.o
 .debug_macro   0x00000000000006f0       0xc4 ./Src/main.o
 .debug_macro   0x00000000000007b4      0x16e ./Stm32_F103C6_Drivers/Stm32_F103C6_EXTI_Driver.o
 .debug_macro   0x0000000000000922      0x292 ./Stm32_F103C6_Drivers/Stm32_F103C6_EXTI_Driver.o
 .debug_macro   0x0000000000000bb4      0x155 ./Stm32_F103C6_Drivers/Stm32_F103C6_GPIO_Driver.o
 .debug_macro   0x0000000000000d09      0x17d ./Stm32_F103C6_Drivers/Stm32_F103C6_I2C_Driver.o
 .debug_macro   0x0000000000000e86       0x5e ./Stm32_F103C6_Drivers/Stm32_F103C6_I2C_Driver.o
 .debug_macro   0x0000000000000ee4       0x16 ./Stm32_F103C6_Drivers/Stm32_F103C6_I2C_Driver.o
 .debug_macro   0x0000000000000efa      0x155 ./Stm32_F103C6_Drivers/Stm32_F103C6_RCC_Driver.o
 .debug_macro   0x000000000000104f       0x10 ./Stm32_F103C6_Drivers/Stm32_F103C6_RCC_Driver.o
 .debug_macro   0x000000000000105f      0x189 ./Stm32_F103C6_Drivers/Stm32_F103C6_SPI_Driver.o
 .debug_macro   0x00000000000011e8       0xbe ./Stm32_F103C6_Drivers/Stm32_F103C6_SPI_Driver.o
 .debug_macro   0x00000000000012a6      0x195 ./Stm32_F103C6_Drivers/Stm32_F103C6_UART_Driver.o

.debug_line     0x0000000000000000     0x40c5
 .debug_line    0x0000000000000000      0x6fd ./Src/main.o
 .debug_line    0x00000000000006fd       0x84 ./Startup/startup_stm32f103c6tx.o
 .debug_line    0x0000000000000781      0x9d4 ./Stm32_F103C6_Drivers/Stm32_F103C6_EXTI_Driver.o
 .debug_line    0x0000000000001155      0xc27 ./Stm32_F103C6_Drivers/Stm32_F103C6_GPIO_Driver.o
 .debug_line    0x0000000000001d7c      0xa4d ./Stm32_F103C6_Drivers/Stm32_F103C6_I2C_Driver.o
 .debug_line    0x00000000000027c9      0x6d1 ./Stm32_F103C6_Drivers/Stm32_F103C6_RCC_Driver.o
 .debug_line    0x0000000000002e9a      0x985 ./Stm32_F103C6_Drivers/Stm32_F103C6_SPI_Driver.o
 .debug_line    0x000000000000381f      0x8a6 ./Stm32_F103C6_Drivers/Stm32_F103C6_UART_Driver.o

.debug_str      0x0000000000000000     0xc830
 .debug_str     0x0000000000000000     0xb99d ./Src/main.o
                                       0xbbd9 (size before relaxing)
 .debug_str     0x000000000000b99d       0x2f ./Startup/startup_stm32f103c6tx.o
                                         0x9d (size before relaxing)
 .debug_str     0x000000000000b9cc      0x27d ./Stm32_F103C6_Drivers/Stm32_F103C6_EXTI_Driver.o
                                       0xb1d3 (size before relaxing)
 .debug_str     0x000000000000bc49       0xcf ./Stm32_F103C6_Drivers/Stm32_F103C6_GPIO_Driver.o
                                       0x9b6c (size before relaxing)
 .debug_str     0x000000000000bd18      0x6d7 ./Stm32_F103C6_Drivers/Stm32_F103C6_I2C_Driver.o
                                       0xa1cb (size before relaxing)
 .debug_str     0x000000000000c3ef       0x91 ./Stm32_F103C6_Drivers/Stm32_F103C6_RCC_Driver.o
                                       0x96ea (size before relaxing)
 .debug_str     0x000000000000c480      0x118 ./Stm32_F103C6_Drivers/Stm32_F103C6_SPI_Driver.o
                                       0xa2bb (size before relaxing)
 .debug_str     0x000000000000c598      0x298 ./Stm32_F103C6_Drivers/Stm32_F103C6_UART_Driver.o
                                       0xa35b (size before relaxing)

.debug_frame    0x0000000000000000      0x8e0
 .debug_frame   0x0000000000000000       0x6c ./Src/main.o
 .debug_frame   0x000000000000006c      0x1b0 ./Stm32_F103C6_Drivers/Stm32_F103C6_EXTI_Driver.o
 .debug_frame   0x000000000000021c      0x174 ./Stm32_F103C6_Drivers/Stm32_F103C6_GPIO_Driver.o
 .debug_frame   0x0000000000000390      0x210 ./Stm32_F103C6_Drivers/Stm32_F103C6_I2C_Driver.o
 .debug_frame   0x00000000000005a0       0x84 ./Stm32_F103C6_Drivers/Stm32_F103C6_RCC_Driver.o
 .debug_frame   0x0000000000000624      0x144 ./Stm32_F103C6_Drivers/Stm32_F103C6_SPI_Driver.o
 .debug_frame   0x0000000000000768      0x14c ./Stm32_F103C6_Drivers/Stm32_F103C6_UART_Driver.o
 .debug_frame   0x00000000000008b4       0x2c C:/ST/STM32CubeIDE_1.13.1/STM32CubeIDE/plugins/com.st.stm32cube.ide.mcu.externaltools.gnu-tools-for-stm32.11.3.rel1.win32_1.1.0.202305231506/tools/bin/../lib/gcc/arm-none-eabi/11.3.1/../../../../arm-none-eabi/lib/thumb/v7-m/nofp\libc_nano.a(libc_a-init.o)
