../Stm32_F103C6_Drivers/Stm32_F103C6_EXTI_Driver.c:48:7:MCAL_EXTI_GPIO_Init	16	static
../Stm32_F103C6_Drivers/Stm32_F103C6_EXTI_Driver.c:65:7:MCAL_EXTI_GPIO_Deinit	4	static
../Stm32_F103C6_Drivers/Stm32_F103C6_EXTI_Driver.c:94:7:MCAL_EXTI_GPIO_Update	16	static
../Stm32_F103C6_Drivers/Stm32_F103C6_EXTI_Driver.c:113:7:_Update_EXTI	24	static
../Stm32_F103C6_Drivers/Stm32_F103C6_EXTI_Driver.c:183:7:_Enable_NVIC	16	static
../Stm32_F103C6_Drivers/Stm32_F103C6_EXTI_Driver.c:241:7:_Disable_NVIC	16	static
../Stm32_F103C6_Drivers/Stm32_F103C6_EXTI_Driver.c:291:7:EXTI0_IRQHandler	8	static
../Stm32_F103C6_Drivers/Stm32_F103C6_EXTI_Driver.c:299:7:EXTI1_IRQHandler	8	static
../Stm32_F103C6_Drivers/Stm32_F103C6_EXTI_Driver.c:307:7:EXTI2_IRQHandler	8	static
../Stm32_F103C6_Drivers/Stm32_F103C6_EXTI_Driver.c:315:7:EXTI3_IRQHandler	8	static
../Stm32_F103C6_Drivers/Stm32_F103C6_EXTI_Driver.c:323:7:EXTI4_IRQHandler	8	static
../Stm32_F103C6_Drivers/Stm32_F103C6_EXTI_Driver.c:332:7:EXTI9_5_IRQHandler	8	static
../Stm32_F103C6_Drivers/Stm32_F103C6_EXTI_Driver.c:343:7:EXTI15_10_IRQHandler	8	static
