Archive member included to satisfy reference by file (symbol)

C:/ST/STM32CubeIDE_1.13.1/STM32CubeIDE/plugins/com.st.stm32cube.ide.mcu.externaltools.gnu-tools-for-stm32.11.3.rel1.win32_1.1.0.202305231506/tools/bin/../lib/gcc/arm-none-eabi/11.3.1/../../../../arm-none-eabi/lib/thumb/v7-m/nofp\libc_nano.a(libc_a-exit.o)
                              C:/ST/STM32CubeIDE_1.13.1/STM32CubeIDE/plugins/com.st.stm32cube.ide.mcu.externaltools.gnu-tools-for-stm32.11.3.rel1.win32_1.1.0.202305231506/tools/bin/../lib/gcc/arm-none-eabi/11.3.1/../../../../arm-none-eabi/lib/thumb/v7-m/nofp/crt0.o (exit)
C:/ST/STM32CubeIDE_1.13.1/STM32CubeIDE/plugins/com.st.stm32cube.ide.mcu.externaltools.gnu-tools-for-stm32.11.3.rel1.win32_1.1.0.202305231506/tools/bin/../lib/gcc/arm-none-eabi/11.3.1/../../../../arm-none-eabi/lib/thumb/v7-m/nofp\libc_nano.a(libc_a-findfp.o)
                              C:/ST/STM32CubeIDE_1.13.1/STM32CubeIDE/plugins/com.st.stm32cube.ide.mcu.externaltools.gnu-tools-for-stm32.11.3.rel1.win32_1.1.0.202305231506/tools/bin/../lib/gcc/arm-none-eabi/11.3.1/../../../../arm-none-eabi/lib/thumb/v7-m/nofp\libc_nano.a(libc_a-exit.o) (__stdio_exit_handler)
C:/ST/STM32CubeIDE_1.13.1/STM32CubeIDE/plugins/com.st.stm32cube.ide.mcu.externaltools.gnu-tools-for-stm32.11.3.rel1.win32_1.1.0.202305231506/tools/bin/../lib/gcc/arm-none-eabi/11.3.1/../../../../arm-none-eabi/lib/thumb/v7-m/nofp\libc_nano.a(libc_a-fwalk.o)
                              C:/ST/STM32CubeIDE_1.13.1/STM32CubeIDE/plugins/com.st.stm32cube.ide.mcu.externaltools.gnu-tools-for-stm32.11.3.rel1.win32_1.1.0.202305231506/tools/bin/../lib/gcc/arm-none-eabi/11.3.1/../../../../arm-none-eabi/lib/thumb/v7-m/nofp\libc_nano.a(libc_a-findfp.o) (_fwalk_sglue)
C:/ST/STM32CubeIDE_1.13.1/STM32CubeIDE/plugins/com.st.stm32cube.ide.mcu.externaltools.gnu-tools-for-stm32.11.3.rel1.win32_1.1.0.202305231506/tools/bin/../lib/gcc/arm-none-eabi/11.3.1/../../../../arm-none-eabi/lib/thumb/v7-m/nofp\libc_nano.a(libc_a-stdio.o)
                              C:/ST/STM32CubeIDE_1.13.1/STM32CubeIDE/plugins/com.st.stm32cube.ide.mcu.externaltools.gnu-tools-for-stm32.11.3.rel1.win32_1.1.0.202305231506/tools/bin/../lib/gcc/arm-none-eabi/11.3.1/../../../../arm-none-eabi/lib/thumb/v7-m/nofp\libc_nano.a(libc_a-findfp.o) (__sread)
C:/ST/STM32CubeIDE_1.13.1/STM32CubeIDE/plugins/com.st.stm32cube.ide.mcu.externaltools.gnu-tools-for-stm32.11.3.rel1.win32_1.1.0.202305231506/tools/bin/../lib/gcc/arm-none-eabi/11.3.1/../../../../arm-none-eabi/lib/thumb/v7-m/nofp\libc_nano.a(libc_a-memset.o)
                              C:/ST/STM32CubeIDE_1.13.1/STM32CubeIDE/plugins/com.st.stm32cube.ide.mcu.externaltools.gnu-tools-for-stm32.11.3.rel1.win32_1.1.0.202305231506/tools/bin/../lib/gcc/arm-none-eabi/11.3.1/../../../../arm-none-eabi/lib/thumb/v7-m/nofp/crt0.o (memset)
C:/ST/STM32CubeIDE_1.13.1/STM32CubeIDE/plugins/com.st.stm32cube.ide.mcu.externaltools.gnu-tools-for-stm32.11.3.rel1.win32_1.1.0.202305231506/tools/bin/../lib/gcc/arm-none-eabi/11.3.1/../../../../arm-none-eabi/lib/thumb/v7-m/nofp\libc_nano.a(libc_a-closer.o)
                              C:/ST/STM32CubeIDE_1.13.1/STM32CubeIDE/plugins/com.st.stm32cube.ide.mcu.externaltools.gnu-tools-for-stm32.11.3.rel1.win32_1.1.0.202305231506/tools/bin/../lib/gcc/arm-none-eabi/11.3.1/../../../../arm-none-eabi/lib/thumb/v7-m/nofp\libc_nano.a(libc_a-stdio.o) (_close_r)
C:/ST/STM32CubeIDE_1.13.1/STM32CubeIDE/plugins/com.st.stm32cube.ide.mcu.externaltools.gnu-tools-for-stm32.11.3.rel1.win32_1.1.0.202305231506/tools/bin/../lib/gcc/arm-none-eabi/11.3.1/../../../../arm-none-eabi/lib/thumb/v7-m/nofp\libc_nano.a(libc_a-reent.o)
                              C:/ST/STM32CubeIDE_1.13.1/STM32CubeIDE/plugins/com.st.stm32cube.ide.mcu.externaltools.gnu-tools-for-stm32.11.3.rel1.win32_1.1.0.202305231506/tools/bin/../lib/gcc/arm-none-eabi/11.3.1/../../../../arm-none-eabi/lib/thumb/v7-m/nofp\libc_nano.a(libc_a-closer.o) (errno)
C:/ST/STM32CubeIDE_1.13.1/STM32CubeIDE/plugins/com.st.stm32cube.ide.mcu.externaltools.gnu-tools-for-stm32.11.3.rel1.win32_1.1.0.202305231506/tools/bin/../lib/gcc/arm-none-eabi/11.3.1/../../../../arm-none-eabi/lib/thumb/v7-m/nofp\libc_nano.a(libc_a-impure.o)
                              C:/ST/STM32CubeIDE_1.13.1/STM32CubeIDE/plugins/com.st.stm32cube.ide.mcu.externaltools.gnu-tools-for-stm32.11.3.rel1.win32_1.1.0.202305231506/tools/bin/../lib/gcc/arm-none-eabi/11.3.1/../../../../arm-none-eabi/lib/thumb/v7-m/nofp\libc_nano.a(libc_a-reent.o) (_impure_ptr)
C:/ST/STM32CubeIDE_1.13.1/STM32CubeIDE/plugins/com.st.stm32cube.ide.mcu.externaltools.gnu-tools-for-stm32.11.3.rel1.win32_1.1.0.202305231506/tools/bin/../lib/gcc/arm-none-eabi/11.3.1/../../../../arm-none-eabi/lib/thumb/v7-m/nofp\libc_nano.a(libc_a-lseekr.o)
[...]
Memory Configuration

Name             Origin             Length             Attributes
RAM              0x0000000020000000 0x0000000000002800 xrw
FLASH            0x0000000008000000 0x0000000000008000 xr
*default*        0x0000000000000000 0xffffffffffffffff

Linker script and memory map

LOAD C:/ST/STM32CubeIDE_1.13.1/STM32CubeIDE/plugins/com.st.stm32cube.ide.mcu.externaltools.gnu-tools-for-stm32.11.3.rel1.win32_1.1.0.202305231506/tools/bin/../lib/gcc/arm-none-eabi/11.3.1/thumb/v7-m/nofp/crti.o
LOAD C:/ST/STM32CubeIDE_1.13.1/STM32CubeIDE/plugins/com.st.stm32cube.ide.mcu.externaltools.gnu-tools-for-stm32.11.3.rel1.win32_1.1.0.202305231506/tools/bin/../lib/gcc/arm-none-eabi/11.3.1/thumb/v7-m/nofp/crtbegin.o
LOAD C:/ST/STM32CubeIDE_1.13.1/STM32CubeIDE/plugins/com.st.stm32cube.ide.mcu.externaltools.gnu-tools-for-stm32.11.3.rel1.win32_1.1.0.202305231506/tools/bin/../lib/gcc/arm-none-eabi/11.3.1/../../../../arm-none-eabi/lib/thumb/v7-m/nofp/crt0.o
LOAD ./HAL/keypad.o
LOAD ./HAL/lcd.o
LOAD ./Src/main.o
LOAD ./Src/syscalls.o
LOAD ./Src/sysmem.o
LOAD ./Startup/startup_stm32f103c6tx.o
LOAD ./Stm32_F103C6_Drivers/Data_Manipulation.o
LOAD ./Stm32_F103C6_Drivers/Stm32_F103C6_EXTI_Driver.o
LOAD ./Stm32_F103C6_Drivers/Stm32_F103C6_GPIO_Driver.o
START GROUP
LOAD C:/ST/STM32CubeIDE_1.13.1/STM32CubeIDE/plugins/com.st.stm32cube.ide.mcu.externaltools.gnu-tools-for-stm32.11.3.rel1.win32_1.1.0.202305231506/tools/bin/../lib/gcc/arm-none-eabi/11.3.1/../../../../arm-none-eabi/lib/thumb/v7-m/nofp\libc_nano.a
LOAD C:/ST/STM32CubeIDE_1.13.1/STM32CubeIDE/plugins/com.st.stm32cube.ide.mcu.externaltools.gnu-tools-for-stm32.11.3.rel1.win32_1.1.0.202305231506/tools/bin/../lib/gcc/arm-none-eabi/11.3.1/../../../../arm-none-eabi/lib/thumb/v7-m/nofp\libm.a
END GROUP
START GROUP
LOAD C:/ST/STM32CubeIDE_1.13.1/STM32CubeIDE/plugins/com.st.stm32cube.ide.mcu.externaltools.gnu-tools-for-stm32.11.3.rel1.win32_1.1.0.202305231506/tools/bin/../lib/gcc/arm-none-eabi/11.3.1/thumb/v7-m/nofp\libgcc.a
LOAD C:/ST/STM32CubeIDE_1.13.1/STM32CubeIDE/plugins/com.st.stm32cube.ide.mcu.externaltools.gnu-tools-for-stm32.11.3.rel1.win32_1.1.0.202305231506/tools/bin/../lib/gcc/arm-none-eabi/11.3.1/../../../../arm-none-eabi/lib/thumb/v7-m/nofp\libg_nano.a
LOAD C:/ST/STM32CubeIDE_1.13.1/STM32CubeIDE/plugins/com.st.stm32cube.ide.mcu.externaltools.gnu-tools-for-stm32.11.3.rel1.win32_1.1.0.202305231506/tools/bin/../lib/gcc/arm-none-eabi/11.3.1/../../../../arm-none-eabi/lib/thumb/v7-m/nofp\libc_nano.a
END GROUP
START GROUP
LOAD C:/ST/STM32CubeIDE_1.13.1/STM32CubeIDE/plugins/com.st.stm32cube.ide.mcu.externaltools.gnu-tools-for-stm32.11.3.rel1.win32_1.1.0.202305231506/tools/bin/../lib/gcc/arm-none-eabi/11.3.1/thumb/v7-m/nofp\libgcc.a
LOAD C:/ST/STM32CubeIDE_1.13.1/STM32CubeIDE/plugins/com.st.stm32cube.ide.mcu.externaltools.gnu-tools-for-stm32.11.3.rel1.win32_1.1.0.202305231506/tools/bin/../lib/gcc/arm-none-eabi/11.3.1/../../../../arm-none-eabi/lib/thumb/v7-m/nofp\libc_nano.a
LOAD C:/ST/STM32CubeIDE_1.13.1/STM32CubeIDE/plugins/com.st.stm32cube.ide.mcu.externaltools.gnu-tools-for-stm32.11.3.rel1.win32_1.1.0.202305231506/tools/bin/../lib/gcc/arm-none-eabi/11.3.1/../../../../arm-none-eabi/lib/thumb/v7-m/nofp\libnosys.a
END GROUP
START GROUP
LOAD C:/ST/STM32CubeIDE_1.13.1/STM32CubeIDE/plugins/com.st.stm32cube.ide.mcu.externaltools.gnu-tools-for-stm32.11.3.rel1.win32_1.1.0.202305231506/tools/bin/../lib/gcc/arm-none-eabi/11.3.1/thumb/v7-m/nofp\libgcc.a
LOAD C:/ST/STM32CubeIDE_1.13.1/STM32CubeIDE/plugins/com.st.stm32cube.ide.mcu.externaltools.gnu-tools-for-stm32.11.3.rel1.win32_1.1.0.202305231506/tools/bin/../lib/gcc/arm-none-eabi/11.3.1/../../../../arm-none-eabi/lib/thumb/v7-m/nofp\libc_nano.a
LOAD C:/ST/STM32CubeIDE_1.13.1/STM32CubeIDE/plugins/com.st.stm32cube.ide.mcu.externaltools.gnu-tools-for-stm32.11.3.rel1.win32_1.1.0.202305231506/tools/bin/../lib/gcc/arm-none-eabi/11.3.1/../../../../arm-none-eabi/lib/thumb/v7-m/nofp\libnosys.a
END GROUP
LOAD C:/ST/STM32CubeIDE_1.13.1/STM32CubeIDE/plugins/com.st.stm32cube.ide.mcu.externaltools.gnu-tools-for-stm32.11.3.rel1.win32_1.1.0.202305231506/tools/bin/../lib/gcc/arm-none-eabi/11.3.1/thumb/v7-m/nofp/crtend.o
LOAD C:/ST/STM32CubeIDE_1.13.1/STM32CubeIDE/plugins/com.st.stm32cube.ide.mcu.externaltools.gnu-tools-for-stm32.11.3.rel1.win32_1.1.0.202305231506/tools/bin/../lib/gcc/arm-none-eabi/11.3.1/thumb/v7-m/nofp/crtn.o
                0x0000000020002800                _estack = (ORIGIN (RAM) + LENGTH (RAM))
                0x0000000000000200                _Min_Heap_Size = 0x200
                0x0000000000000400                _Min_Stack_Size = 0x400

.isr_vector     0x0000000008000000      0x130
                0x0000000008000000                . = ALIGN (0x4)
 *(.isr_vector)
 .isr_vector    0x0000000008000000      0x130 ./Startup/startup_stm32f103c6tx.o
                0x0000000008000000                g_pfnVectors
                0x0000000008000130                . = ALIGN (0x4)

.text           0x0000000008000130     0x1330
                0x0000000008000130                . = ALIGN (0x4)
 *(.text)
 .text          0x0000000008000130       0x40 C:/ST/STM32CubeIDE_1.13.1/STM32CubeIDE/plugins/com.st.stm32cube.ide.mcu.externaltools.gnu-tools-for-stm32.11.3.rel1.win32_1.1.0.202305231506/tools/bin/../lib/gcc/arm-none-eabi/11.3.1/thumb/v7-m/nofp/crtbegin.o
 *(.text*)
 .text.delay_ms
                0x0000000008000170       0x3a ./HAL/lcd.o
                0x0000000008000170                delay_ms
 *fill*         0x00000000080001aa        0x2 
 .text.LCD_GPIO_init
                0x00000000080001ac      0x118 ./HAL/lcd.o
                0x00000000080001ac                LCD_GPIO_init
 .text.LCD_clear_screen
                0x00000000080002c4        0xe ./HAL/lcd.o
                0x00000000080002c4                LCD_clear_screen
 *fill*         0x00000000080002d2        0x2 
 .text.LCD_lcd_kick
                0x00000000080002d4       0x2c ./HAL/lcd.o
                0x00000000080002d4                LCD_lcd_kick
 .text.LCD_GOTO_XY
                0x0000000008000300       0x48 ./HAL/lcd.o
                0x0000000008000300                LCD_GOTO_XY
 .text.LCD_INIT
                0x0000000008000348       0x34 ./HAL/lcd.o
                0x0000000008000348                LCD_INIT
 .text.LCD_WRITE_COMMAND
                0x000000000800037c       0x44 ./HAL/lcd.o
                0x000000000800037c                LCD_WRITE_COMMAND
 .text.LCD_WRITE_CHAR
                0x00000000080003c0       0x44 ./HAL/lcd.o
                0x00000000080003c0                LCD_WRITE_CHAR
 .text.LCD_WRITE_STRING
                0x0000000008000404       0x5a ./HAL/lcd.o
                0x0000000008000404                LCD_WRITE_STRING
 .text.wait_ms  0x000000000800045e       0x3a ./Src/main.o
                0x000000000800045e                wait_ms
 .text.main     0x0000000008000498       0x78 ./Src/main.o
                0x0000000008000498                main
 .text.ISR_CALLBACK
                0x0000000008000510       0x24 ./Src/main.o
                0x0000000008000510                ISR_CALLBACK
 .text.Reset_Handler
                0x0000000008000534       0x50 ./Startup/startup_stm32f103c6tx.o
                0x0000000008000534                Reset_Handler
 .text.Default_Handler
                0x0000000008000584        0x2 ./Startup/startup_stm32f103c6tx.o
                0x0000000008000584                TIM8_TRG_COM_IRQHandler
                0x0000000008000584                TIM8_CC_IRQHandler
                0x0000000008000584                DebugMon_Handler
                0x0000000008000584                TIM1_CC_IRQHandler
                0x0000000008000584                HardFault_Handler
                0x0000000008000584                TIM6_IRQHandler
                0x0000000008000584                SysTick_Handler
                0x0000000008000584                PVD_IRQHandler
                0x0000000008000584                SDIO_IRQHandler
                0x0000000008000584                PendSV_Handler
                0x0000000008000584                NMI_Handler
                0x0000000008000584                USB_HP_CAN_TX_IRQHandler
                0x0000000008000584                I2C2_EV_IRQHandler
                0x0000000008000584                UsageFault_Handler
                0x0000000008000584                ADC1_2_IRQHandler
                0x0000000008000584                SPI1_IRQHandler
                0x0000000008000584                CAN_SCE_IRQHandler
                0x0000000008000584                TAMPER_IRQHandler
                0x0000000008000584                TIM8_UP_IRQHandler
                0x0000000008000584                DMA2_Channel2_IRQHandler
                0x0000000008000584                DMA1_Channel4_IRQHandler
                0x0000000008000584                USART3_IRQHandler
                0x0000000008000584                RTC_IRQHandler
                0x0000000008000584                DMA1_Channel7_IRQHandler
                0x0000000008000584                UART5_IRQHandler
                0x0000000008000584                ADC3_IRQHandler
                0x0000000008000584                TIM4_IRQHandler
                0x0000000008000584                CAN_RX1_IRQHandler
                0x0000000008000584                DMA2_Channel1_IRQHandler
                0x0000000008000584                I2C1_EV_IRQHandler
                0x0000000008000584                DMA1_Channel6_IRQHandler
                0x0000000008000584                UART4_IRQHandler
                0x0000000008000584                TIM3_IRQHandler
                0x0000000008000584                RCC_IRQHandler
                0x0000000008000584                TIM1_TRG_COM_IRQHandler
                0x0000000008000584                DMA1_Channel1_IRQHandler
                0x0000000008000584                Default_Handler
                0x0000000008000584                TIM7_IRQHandler
                0x0000000008000584                TIM5_IRQHandler
                0x0000000008000584                SPI2_IRQHandler
                0x0000000008000584                USB_LP_CAN_RX0_IRQHandler
                0x0000000008000584                MemManage_Handler
                0x0000000008000584                SVC_Handler
                0x0000000008000584                DMA1_Channel5_IRQHandler
                0x0000000008000584                DMA1_Channel3_IRQHandler
                0x0000000008000584                FSMC_IRQHandler
                0x0000000008000584                TIM1_UP_IRQHandler
                0x0000000008000584                WWDG_IRQHandler
                0x0000000008000584                TIM2_IRQHandler
                0x0000000008000584                TIM1_BRK_IRQHandler
                0x0000000008000584                RTCAlarm_IRQHandler
                0x0000000008000584                DMA2_Channel4_5_IRQHandler
                0x0000000008000584                USART2_IRQHandler
                0x0000000008000584                I2C2_ER_IRQHandler
                0x0000000008000584                DMA1_Channel2_IRQHandler
                0x0000000008000584                TIM8_BRK_IRQHandler
                0x0000000008000584                FLASH_IRQHandler
                0x0000000008000584                BusFault_Handler
                0x0000000008000584                USART1_IRQHandler
                0x0000000008000584                SPI3_IRQHandler
                0x0000000008000584                I2C1_ER_IRQHandler
                0x0000000008000584                DMA2_Channel3_IRQHandler
 .text.MCAL_EXTI_GPIO_Init
                0x0000000008000586       0x16 ./Stm32_F103C6_Drivers/Stm32_F103C6_EXTI_Driver.o
                0x0000000008000586                MCAL_EXTI_GPIO_Init
 .text._Update_EXTI
                0x000000000800059c      0x1d4 ./Stm32_F103C6_Drivers/Stm32_F103C6_EXTI_Driver.o
                0x000000000800059c                _Update_EXTI
 .text._Enable_NVIC
                0x0000000008000770       0xcc ./Stm32_F103C6_Drivers/Stm32_F103C6_EXTI_Driver.o
                0x0000000008000770                _Enable_NVIC
 .text._Disable_NVIC
                0x000000000800083c       0xcc ./Stm32_F103C6_Drivers/Stm32_F103C6_EXTI_Driver.o
                0x000000000800083c                _Disable_NVIC
 .text.EXTI0_IRQHandler
                0x0000000008000908       0x24 ./Stm32_F103C6_Drivers/Stm32_F103C6_EXTI_Driver.o
                0x0000000008000908                EXTI0_IRQHandler
 .text.EXTI1_IRQHandler
                0x000000000800092c       0x24 ./Stm32_F103C6_Drivers/Stm32_F103C6_EXTI_Driver.o
                0x000000000800092c                EXTI1_IRQHandler
 .text.EXTI2_IRQHandler
                0x0000000008000950       0x24 ./Stm32_F103C6_Drivers/Stm32_F103C6_EXTI_Driver.o
                0x0000000008000950                EXTI2_IRQHandler
 .text.EXTI3_IRQHandler
                0x0000000008000974       0x24 ./Stm32_F103C6_Drivers/Stm32_F103C6_EXTI_Driver.o
                0x0000000008000974                EXTI3_IRQHandler
 .text.EXTI4_IRQHandler
                0x0000000008000998       0x24 ./Stm32_F103C6_Drivers/Stm32_F103C6_EXTI_Driver.o
                0x0000000008000998                EXTI4_IRQHandler
 .text.EXTI9_5_IRQHandler
                0x00000000080009bc       0xb0 ./Stm32_F103C6_Drivers/Stm32_F103C6_EXTI_Driver.o
                0x00000000080009bc                EXTI9_5_IRQHandler
 .text.EXTI15_10_IRQHandler
                0x0000000008000a6c       0xb0 ./Stm32_F103C6_Drivers/Stm32_F103C6_EXTI_Driver.o
                0x0000000008000a6c                EXTI15_10_IRQHandler
 .text.MCAL_GPIO_Init
                0x0000000008000b1c      0x850 ./Stm32_F103C6_Drivers/Stm32_F103C6_GPIO_Driver.o
                0x0000000008000b1c                MCAL_GPIO_Init
 .text.MCAL_GPIO_Write_PIN
                0x000000000800136c       0x44 ./Stm32_F103C6_Drivers/Stm32_F103C6_GPIO_Driver.o
                0x000000000800136c                MCAL_GPIO_Write_PIN
 .text.MCAL_GPIO_Write_PORT
                0x00000000080013b0       0x1c ./Stm32_F103C6_Drivers/Stm32_F103C6_GPIO_Driver.o
                0x00000000080013b0                MCAL_GPIO_Write_PORT
 .text._FindPinNum
                0x00000000080013cc       0x34 ./Stm32_F103C6_Drivers/Stm32_F103C6_GPIO_Driver.o
                0x00000000080013cc                _FindPinNum
 .text.__libc_init_array
                0x0000000008001400       0x48 C:/ST/STM32CubeIDE_1.13.1/STM32CubeIDE/plugins/com.st.stm32cube.ide.mcu.externaltools.gnu-tools-for-stm32.11.3.rel1.win32_1.1.0.202305231506/tools/bin/../lib/gcc/arm-none-eabi/11.3.1/../../../../arm-none-eabi/lib/thumb/v7-m/nofp\libc_nano.a(libc_a-init.o)
                0x0000000008001400                __libc_init_array
 *(.glue_7)
 .glue_7        0x0000000008001448        0x0 linker stubs
 *(.glue_7t)
 .glue_7t       0x0000000008001448        0x0 linker stubs
 *(.eh_frame)
 .eh_frame      0x0000000008001448        0x0 C:/ST/STM32CubeIDE_1.13.1/STM32CubeIDE/plugins/com.st.stm32cube.ide.mcu.externaltools.gnu-tools-for-stm32.11.3.rel1.win32_1.1.0.202305231506/tools/bin/../lib/gcc/arm-none-eabi/11.3.1/thumb/v7-m/nofp/crtbegin.o
 *(.init)
 .init          0x0000000008001448        0x4 C:/ST/STM32CubeIDE_1.13.1/STM32CubeIDE/plugins/com.st.stm32cube.ide.mcu.externaltools.gnu-tools-for-stm32.11.3.rel1.win32_1.1.0.202305231506/tools/bin/../lib/gcc/arm-none-eabi/11.3.1/thumb/v7-m/nofp/crti.o
                0x0000000008001448                _init
 .init          0x000000000800144c        0x8 C:/ST/STM32CubeIDE_1.13.1/STM32CubeIDE/plugins/com.st.stm32cube.ide.mcu.externaltools.gnu-tools-for-stm32.11.3.rel1.win32_1.1.0.202305231506/tools/bin/../lib/gcc/arm-none-eabi/11.3.1/thumb/v7-m/nofp/crtn.o
 *(.fini)
 .fini          0x0000000008001454        0x4 C:/ST/STM32CubeIDE_1.13.1/STM32CubeIDE/plugins/com.st.stm32cube.ide.mcu.externaltools.gnu-tools-for-stm32.11.3.rel1.win32_1.1.0.202305231506/tools/bin/../lib/gcc/arm-none-eabi/11.3.1/thumb/v7-m/nofp/crti.o
                0x0000000008001454                _fini
 .fini          0x0000000008001458        0x8 C:/ST/STM32CubeIDE_1.13.1/STM32CubeIDE/plugins/com.st.stm32cube.ide.mcu.externaltools.gnu-tools-for-stm32.11.3.rel1.win32_1.1.0.202305231506/tools/bin/../lib/gcc/arm-none-eabi/11.3.1/thumb/v7-m/nofp/crtn.o
                0x0000000008001460                . = ALIGN (0x4)
                0x0000000008001460                _etext = .

.vfp11_veneer   0x0000000008001460        0x0
 .vfp11_veneer  0x0000000008001460        0x0 linker stubs

.v4_bx          0x0000000008001460        0x0
 .v4_bx         0x0000000008001460        0x0 linker stubs

.iplt           0x0000000008001460        0x0
 .iplt          0x0000000008001460        0x0 C:/ST/STM32CubeIDE_1.13.1/STM32CubeIDE/plugins/com.st.stm32cube.ide.mcu.externaltools.gnu-tools-for-stm32.11.3.rel1.win32_1.1.0.202305231506/tools/bin/../lib/gcc/arm-none-eabi/11.3.1/thumb/v7-m/nofp/crtbegin.o

.rodata         0x0000000008001460       0x28
                0x0000000008001460                . = ALIGN (0x4)
 *(.rodata)
 .rodata        0x0000000008001460       0x27 ./Src/main.o
 *(.rodata*)
                0x0000000008001488                . = ALIGN (0x4)
 *fill*         0x0000000008001487        0x1 

.rel.dyn        0x0000000008001488        0x0
 .rel.iplt      0x0000000008001488        0x0 C:/ST/STM32CubeIDE_1.13.1/STM32CubeIDE/plugins/com.st.stm32cube.ide.mcu.externaltools.gnu-tools-for-stm32.11.3.rel1.win32_1.1.0.202305231506/tools/bin/../lib/gcc/arm-none-eabi/11.3.1/thumb/v7-m/nofp/crtbegin.o

.ARM.extab      0x0000000008001488        0x0
                0x0000000008001488                . = ALIGN (0x4)
 *(.ARM.extab* .gnu.linkonce.armextab.*)
                0x0000000008001488                . = ALIGN (0x4)

.ARM            0x0000000008001488        0x0
                0x0000000008001488                . = ALIGN (0x4)
                0x0000000008001488                __exidx_start = .
 *(.ARM.exidx*)
                0x0000000008001488                __exidx_end = .
                0x0000000008001488                . = ALIGN (0x4)

.preinit_array  0x0000000008001488        0x0
                0x0000000008001488                . = ALIGN (0x4)
                0x0000000008001488                PROVIDE (__preinit_array_start = .)
 *(.preinit_array*)
                0x0000000008001488                PROVIDE (__preinit_array_end = .)
                0x0000000008001488                . = ALIGN (0x4)

.init_array     0x0000000008001488        0x4
                0x0000000008001488                . = ALIGN (0x4)
                0x0000000008001488                PROVIDE (__init_array_start = .)
 *(SORT_BY_NAME(.init_array.*))
 *(.init_array*)
 .init_array    0x0000000008001488        0x4 C:/ST/STM32CubeIDE_1.13.1/STM32CubeIDE/plugins/com.st.stm32cube.ide.mcu.externaltools.gnu-tools-for-stm32.11.3.rel1.win32_1.1.0.202305231506/tools/bin/../lib/gcc/arm-none-eabi/11.3.1/thumb/v7-m/nofp/crtbegin.o
                0x000000000800148c                PROVIDE (__init_array_end = .)
                0x000000000800148c                . = ALIGN (0x4)

.fini_array     0x000000000800148c        0x4
                0x000000000800148c                . = ALIGN (0x4)
                [!provide]                        PROVIDE (__fini_array_start = .)
 *(SORT_BY_NAME(.fini_array.*))
 *(.fini_array*)
 .fini_array    0x000000000800148c        0x4 C:/ST/STM32CubeIDE_1.13.1/STM32CubeIDE/plugins/com.st.stm32cube.ide.mcu.externaltools.gnu-tools-for-stm32.11.3.rel1.win32_1.1.0.202305231506/tools/bin/../lib/gcc/arm-none-eabi/11.3.1/thumb/v7-m/nofp/crtbegin.o
                [!provide]                        PROVIDE (__fini_array_end = .)
                0x0000000008001490                . = ALIGN (0x4)
                0x0000000008001490                _sidata = LOADADDR (.data)

.data           0x0000000020000000        0x0 load address 0x0000000008001490
                0x0000000020000000                . = ALIGN (0x4)
                0x0000000020000000                _sdata = .
 *(.data)
 *(.data*)
 *(.RamFunc)
 *(.RamFunc*)
                0x0000000020000000                . = ALIGN (0x4)
                0x0000000020000000                _edata = .

.igot.plt       0x0000000020000000        0x0 load address 0x0000000008001490
 .igot.plt      0x0000000020000000        0x0 C:/ST/STM32CubeIDE_1.13.1/STM32CubeIDE/plugins/com.st.stm32cube.ide.mcu.externaltools.gnu-tools-for-stm32.11.3.rel1.win32_1.1.0.202305231506/tools/bin/../lib/gcc/arm-none-eabi/11.3.1/thumb/v7-m/nofp/crtbegin.o
                0x0000000020000000                . = ALIGN (0x4)

.bss            0x0000000020000000       0x5c load address 0x0000000008001490
                0x0000000020000000                _sbss = .
                0x0000000020000000                __bss_start__ = _sbss
 *(.bss)
 .bss           0x0000000020000000       0x1c C:/ST/STM32CubeIDE_1.13.1/STM32CubeIDE/plugins/com.st.stm32cube.ide.mcu.externaltools.gnu-tools-for-stm32.11.3.rel1.win32_1.1.0.202305231506/tools/bin/../lib/gcc/arm-none-eabi/11.3.1/thumb/v7-m/nofp/crtbegin.o
 *(.bss*)
 .bss.IRQ_Flag  0x000000002000001c        0x4 ./Src/main.o
                0x000000002000001c                IRQ_Flag
 .bss.GP_IRQ_CALLBACK
                0x0000000020000020       0x3c ./Stm32_F103C6_Drivers/Stm32_F103C6_EXTI_Driver.o
                0x0000000020000020                GP_IRQ_CALLBACK
 *(COMMON)
                0x000000002000005c                . = ALIGN (0x4)
                0x000000002000005c                _ebss = .
                0x000000002000005c                __bss_end__ = _ebss

._user_heap_stack
                0x000000002000005c      0x604 load address 0x0000000008001490
                0x0000000020000060                . = ALIGN (0x8)
 *fill*         0x000000002000005c        0x4 
                [!provide]                        PROVIDE (end = .)
                0x0000000020000060                PROVIDE (_end = .)
                0x0000000020000260                . = (. + _Min_Heap_Size)
 *fill*         0x0000000020000060      0x200 
                0x0000000020000660                . = (. + _Min_Stack_Size)
 *fill*         0x0000000020000260      0x400 
                0x0000000020000660                . = ALIGN (0x8)

/DISCARD/
 libc.a(*)
 libm.a(*)
 libgcc.a(*)

.ARM.attributes
                0x0000000000000000       0x29
 *(.ARM.attributes)
 .ARM.attributes
                0x0000000000000000       0x1d C:/ST/STM32CubeIDE_1.13.1/STM32CubeIDE/plugins/com.st.stm32cube.ide.mcu.externaltools.gnu-tools-for-stm32.11.3.rel1.win32_1.1.0.202305231506/tools/bin/../lib/gcc/arm-none-eabi/11.3.1/thumb/v7-m/nofp/crti.o
 .ARM.attributes
                0x000000000000001d       0x2d C:/ST/STM32CubeIDE_1.13.1/STM32CubeIDE/plugins/com.st.stm32cube.ide.mcu.externaltools.gnu-tools-for-stm32.11.3.rel1.win32_1.1.0.202305231506/tools/bin/../lib/gcc/arm-none-eabi/11.3.1/thumb/v7-m/nofp/crtbegin.o
 .ARM.attributes
                0x000000000000004a       0x2d ./HAL/lcd.o
 .ARM.attributes
                0x0000000000000077       0x2d ./Src/main.o
 .ARM.attributes
                0x00000000000000a4       0x21 ./Startup/startup_stm32f103c6tx.o
 .ARM.attributes
                0x00000000000000c5       0x2d ./Stm32_F103C6_Drivers/Stm32_F103C6_EXTI_Driver.o
 .ARM.attributes
                0x00000000000000f2       0x2d ./Stm32_F103C6_Drivers/Stm32_F103C6_GPIO_Driver.o
 .ARM.attributes
                0x000000000000011f       0x2d C:/ST/STM32CubeIDE_1.13.1/STM32CubeIDE/plugins/com.st.stm32cube.ide.mcu.externaltools.gnu-tools-for-stm32.11.3.rel1.win32_1.1.0.202305231506/tools/bin/../lib/gcc/arm-none-eabi/11.3.1/../../../../arm-none-eabi/lib/thumb/v7-m/nofp\libc_nano.a(libc_a-init.o)
 .ARM.attributes
                0x000000000000014c       0x1d C:/ST/STM32CubeIDE_1.13.1/STM32CubeIDE/plugins/com.st.stm32cube.ide.mcu.externaltools.gnu-tools-for-stm32.11.3.rel1.win32_1.1.0.202305231506/tools/bin/../lib/gcc/arm-none-eabi/11.3.1/thumb/v7-m/nofp/crtn.o
OUTPUT(Drivers.elf elf32-littlearm)
LOAD linker stubs
LOAD C:/ST/STM32CubeIDE_1.13.1/STM32CubeIDE/plugins/com.st.stm32cube.ide.mcu.externaltools.gnu-tools-for-stm32.11.3.rel1.win32_1.1.0.202305231506/tools/bin/../lib/gcc/arm-none-eabi/11.3.1/../../../../arm-none-eabi/lib/thumb/v7-m/nofp\libc.a
LOAD C:/ST/STM32CubeIDE_1.13.1/STM32CubeIDE/plugins/com.st.stm32cube.ide.mcu.externaltools.gnu-tools-for-stm32.11.3.rel1.win32_1.1.0.202305231506/tools/bin/../lib/gcc/arm-none-eabi/11.3.1/../../../../arm-none-eabi/lib/thumb/v7-m/nofp\libm.a
LOAD C:/ST/STM32CubeIDE_1.13.1/STM32CubeIDE/plugins/com.st.stm32cube.ide.mcu.externaltools.gnu-tools-for-stm32.11.3.rel1.win32_1.1.0.202305231506/tools/bin/../lib/gcc/arm-none-eabi/11.3.1/thumb/v7-m/nofp\libgcc.a

.comment        0x0000000000000000       0x43
 .comment       0x0000000000000000       0x43 C:/ST/STM32CubeIDE_1.13.1/STM32CubeIDE/plugins/com.st.stm32cube.ide.mcu.externaltools.gnu-tools-for-stm32.11.3.rel1.win32_1.1.0.202305231506/tools/bin/../lib/gcc/arm-none-eabi/11.3.1/thumb/v7-m/nofp/crtbegin.o
                                         0x44 (size before relaxing)
 .comment       0x0000000000000043       0x44 ./HAL/lcd.o
 .comment       0x0000000000000043       0x44 ./Src/main.o
 .comment       0x0000000000000043       0x44 ./Stm32_F103C6_Drivers/Stm32_F103C6_EXTI_Driver.o
 .comment       0x0000000000000043       0x44 ./Stm32_F103C6_Drivers/Stm32_F103C6_GPIO_Driver.o

.debug_info     0x0000000000000000     0x103f
 .debug_info    0x0000000000000000      0x393 ./HAL/lcd.o
 .debug_info    0x0000000000000393      0x38c ./Src/main.o
 .debug_info    0x000000000000071f       0x22 ./Startup/startup_stm32f103c6tx.o
 .debug_info    0x0000000000000741      0x52a ./Stm32_F103C6_Drivers/Stm32_F103C6_EXTI_Driver.o
 .debug_info    0x0000000000000c6b      0x3d4 ./Stm32_F103C6_Drivers/Stm32_F103C6_GPIO_Driver.o

.debug_abbrev   0x0000000000000000      0x569
 .debug_abbrev  0x0000000000000000      0x150 ./HAL/lcd.o
 .debug_abbrev  0x0000000000000150      0x152 ./Src/main.o
 .debug_abbrev  0x00000000000002a2       0x12 ./Startup/startup_stm32f103c6tx.o
 .debug_abbrev  0x00000000000002b4      0x180 ./Stm32_F103C6_Drivers/Stm32_F103C6_EXTI_Driver.o
 .debug_abbrev  0x0000000000000434      0x135 ./Stm32_F103C6_Drivers/Stm32_F103C6_GPIO_Driver.o

.debug_loc      0x0000000000000000      0x9c4
 .debug_loc     0x0000000000000000      0x2c0 ./HAL/lcd.o
 .debug_loc     0x00000000000002c0       0xc0 ./Src/main.o
 .debug_loc     0x0000000000000380      0x320 ./Stm32_F103C6_Drivers/Stm32_F103C6_EXTI_Driver.o
 .debug_loc     0x00000000000006a0      0x324 ./Stm32_F103C6_Drivers/Stm32_F103C6_GPIO_Driver.o

.debug_aranges  0x0000000000000000      0x1a0
 .debug_aranges
                0x0000000000000000       0x68 ./HAL/lcd.o
 .debug_aranges
                0x0000000000000068       0x30 ./Src/main.o
 .debug_aranges
                0x0000000000000098       0x28 ./Startup/startup_stm32f103c6tx.o
 .debug_aranges
                0x00000000000000c0       0x80 ./Stm32_F103C6_Drivers/Stm32_F103C6_EXTI_Driver.o
 .debug_aranges
                0x0000000000000140       0x60 ./Stm32_F103C6_Drivers/Stm32_F103C6_GPIO_Driver.o

.debug_ranges   0x0000000000000000      0x158
 .debug_ranges  0x0000000000000000       0x58 ./HAL/lcd.o
 .debug_ranges  0x0000000000000058       0x20 ./Src/main.o
 .debug_ranges  0x0000000000000078       0x20 ./Startup/startup_stm32f103c6tx.o
 .debug_ranges  0x0000000000000098       0x70 ./Stm32_F103C6_Drivers/Stm32_F103C6_EXTI_Driver.o
 .debug_ranges  0x0000000000000108       0x50 ./Stm32_F103C6_Drivers/Stm32_F103C6_GPIO_Driver.o

.debug_macro    0x0000000000000000      0xb35
 .debug_macro   0x0000000000000000      0x168 ./HAL/lcd.o
 .debug_macro   0x0000000000000168       0x9a ./HAL/lcd.o
 .debug_macro   0x0000000000000202      0x18e ./Src/main.o
 .debug_macro   0x0000000000000390       0x8e ./Src/main.o
 .debug_macro   0x000000000000041e       0x51 ./Src/main.o
 .debug_macro   0x000000000000046f       0x61 ./Src/main.o
 .debug_macro   0x00000000000004d0       0xd0 ./Src/main.o
 .debug_macro   0x00000000000005a0      0x292 ./Src/main.o
 .debug_macro   0x0000000000000832       0x40 ./Src/main.o
 .debug_macro   0x0000000000000872      0x16e ./Stm32_F103C6_Drivers/Stm32_F103C6_EXTI_Driver.o
 .debug_macro   0x00000000000009e0      0x155 ./Stm32_F103C6_Drivers/Stm32_F103C6_GPIO_Driver.o

.debug_line     0x0000000000000000     0x268c
 .debug_line    0x0000000000000000      0x8ad ./HAL/lcd.o
 .debug_line    0x00000000000008ad      0x760 ./Src/main.o
 .debug_line    0x000000000000100d       0x84 ./Startup/startup_stm32f103c6tx.o
 .debug_line    0x0000000000001091      0x9d4 ./Stm32_F103C6_Drivers/Stm32_F103C6_EXTI_Driver.o
 .debug_line    0x0000000000001a65      0xc27 ./Stm32_F103C6_Drivers/Stm32_F103C6_GPIO_Driver.o

.debug_str      0x0000000000000000     0x9c51
 .debug_str     0x0000000000000000     0x8317 ./HAL/lcd.o
                                       0x851e (size before relaxing)
 .debug_str     0x0000000000008317     0x165e ./Src/main.o
                                       0x9a70 (size before relaxing)
 .debug_str     0x0000000000009975       0x2f ./Startup/startup_stm32f103c6tx.o
                                         0x9d (size before relaxing)
 .debug_str     0x00000000000099a4      0x1f3 ./Stm32_F103C6_Drivers/Stm32_F103C6_EXTI_Driver.o
                                       0x9910 (size before relaxing)
 .debug_str     0x0000000000009b97       0xba ./Stm32_F103C6_Drivers/Stm32_F103C6_GPIO_Driver.o
                                       0x82a9 (size before relaxing)

.debug_frame    0x0000000000000000      0x528
 .debug_frame   0x0000000000000000      0x164 ./HAL/lcd.o
 .debug_frame   0x0000000000000164       0x74 ./Src/main.o
 .debug_frame   0x00000000000001d8      0x1b0 ./Stm32_F103C6_Drivers/Stm32_F103C6_EXTI_Driver.o
 .debug_frame   0x0000000000000388      0x174 ./Stm32_F103C6_Drivers/Stm32_F103C6_GPIO_Driver.o
 .debug_frame   0x00000000000004fc       0x2c C:/ST/STM32CubeIDE_1.13.1/STM32CubeIDE/plugins/com.st.stm32cube.ide.mcu.externaltools.gnu-tools-for-stm32.11.3.rel1.win32_1.1.0.202305231506/tools/bin/../lib/gcc/arm-none-eabi/11.3.1/../../../../arm-none-eabi/lib/thumb/v7-m/nofp\libc_nano.a(libc_a-init.o)
